Archive member included to satisfy reference by file (symbol)

C:/msys32/home/Ganesh/esp/hello_world/build/cxx\libcxx.a(cxx_exception_stubs.o)
                              (__cxx_fatal_exception)
C:/msys32/home/Ganesh/esp/hello_world/build/cxx\libcxx.a(cxx_guards.o)
                              (__cxa_guard_dummy)
C:/msys32/home/Ganesh/esp/hello_world/build/esp32\libesp32.a(cpu_start.o)
                              (call_start_cpu0)
C:/msys32/home/Ganesh/esp/hello_world/build/esp32\libesp32.a(dbg_stubs.o)
                              C:/msys32/home/Ganesh/esp/hello_world/build/esp32\libesp32.a(cpu_start.o) (esp_dbg_stubs_init)
C:/msys32/home/Ganesh/esp/hello_world/build/esp32\libesp32.a(task_wdt.o)
                              C:/msys32/home/Ganesh/esp/hello_world/build/esp32\libesp32.a(cpu_start.o) (esp_task_wdt_init)
C:/msys32/home/Ganesh/esp/hello_world/build/esp32\libesp32.a(reset_reason.o)
                              C:/msys32/home/Ganesh/esp/hello_world/build/esp32\libesp32.a(task_wdt.o) (esp_reset_reason_set_hint)
C:/msys32/home/Ganesh/esp/hello_world/build/esp32\libesp32.a(panic.o)
                              C:/msys32/home/Ganesh/esp/hello_world/build/cxx\libcxx.a(cxx_exception_stubs.o) (abort)
C:/msys32/home/Ganesh/esp/hello_world/build/esp32\libesp32.a(dport_panic_highint_hdl.o)
                              (ld_include_panic_highint_hdl)
C:/msys32/home/Ganesh/esp/hello_world/build/esp32\libesp32.a(int_wdt.o)
                              C:/msys32/home/Ganesh/esp/hello_world/build/esp32\libesp32.a(dport_panic_highint_hdl.o) (int_wdt_app_cpu_ticked)
C:/msys32/home/Ganesh/esp/hello_world/build/esp32\libesp32.a(brownout.o)
                              C:/msys32/home/Ganesh/esp/hello_world/build/esp32\libesp32.a(cpu_start.o) (esp_brownout_init)
C:/msys32/home/Ganesh/esp/hello_world/build/esp32\libesp32.a(system_api.o)
                              C:/msys32/home/Ganesh/esp/hello_world/build/esp32\libesp32.a(panic.o) (esp_restart_noos)
C:/msys32/home/Ganesh/esp/hello_world/build/esp32\libesp32.a(dport_access.o)
                              C:/msys32/home/Ganesh/esp/hello_world/build/esp32\libesp32.a(dport_panic_highint_hdl.o) (dport_access_start)
C:/msys32/home/Ganesh/esp/hello_world/build/esp32\libesp32.a(esp_timer.o)
                              C:/msys32/home/Ganesh/esp/hello_world/build/esp32\libesp32.a(cpu_start.o) (esp_timer_init)
C:/msys32/home/Ganesh/esp/hello_world/build/esp32\libesp32.a(esp_err_to_name.o)
                              C:/msys32/home/Ganesh/esp/hello_world/build/esp32\libesp32.a(panic.o) (esp_err_to_name)
C:/msys32/home/Ganesh/esp/hello_world/build/esp32\libesp32.a(intr_alloc.o)
                              C:/msys32/home/Ganesh/esp/hello_world/build/esp32\libesp32.a(task_wdt.o) (esp_intr_alloc)
C:/msys32/home/Ganesh/esp/hello_world/build/esp32\libesp32.a(ipc.o)
                              C:/msys32/home/Ganesh/esp/hello_world/build/esp32\libesp32.a(intr_alloc.o) (esp_ipc_call_blocking)
C:/msys32/home/Ganesh/esp/hello_world/build/esp32\libesp32.a(cache_err_int.o)
                              C:/msys32/home/Ganesh/esp/hello_world/build/esp32\libesp32.a(cpu_start.o) (esp_cache_err_int_init)
C:/msys32/home/Ganesh/esp/hello_world/build/esp32\libesp32.a(freertos_hooks.o)
                              C:/msys32/home/Ganesh/esp/hello_world/build/esp32\libesp32.a(task_wdt.o) (esp_register_freertos_idle_hook_for_cpu)
C:/msys32/home/Ganesh/esp/hello_world/build/esp32\libesp32.a(clk.o)
                              C:/msys32/home/Ganesh/esp/hello_world/build/esp32\libesp32.a(cpu_start.o) (esp_clk_init)
C:/msys32/home/Ganesh/esp/hello_world/build/esp32\libesp32.a(esp_timer_esp32.o)
                              C:/msys32/home/Ganesh/esp/hello_world/build/esp32\libesp32.a(esp_timer.o) (esp_timer_impl_get_time)
C:/msys32/home/Ganesh/esp/hello_world/build/esp32\libesp32.a(crosscore_int.o)
                              C:/msys32/home/Ganesh/esp/hello_world/build/esp32\libesp32.a(cpu_start.o) (esp_crosscore_int_init)
C:/msys32/home/Ganesh/esp/hello_world/build/esp32\libesp32.a(pm_esp32.o)
                              C:/msys32/home/Ganesh/esp/hello_world/build/esp32\libesp32.a(freertos_hooks.o) (esp_pm_impl_waiti)
C:/msys32/home/Ganesh/esp/hello_world/build/esp32\libesp32.a(pm_locks.o)
                              C:/msys32/home/Ganesh/esp/hello_world/build/esp32\libesp32.a(pm_esp32.o) (esp_pm_lock_create)
C:/msys32/home/Ganesh/esp/esp-idf/components/esp32/libhal.a(int_asm--set_intclear.o)
                              C:/msys32/home/Ganesh/esp/hello_world/build/esp32\libesp32.a(intr_alloc.o) (xthal_set_intclear)
C:/msys32/home/Ganesh/esp/hello_world/build/freertos\libfreertos.a(FreeRTOS-openocd.o)
                              (uxTopUsedPriority)
C:/msys32/home/Ganesh/esp/hello_world/build/freertos\libfreertos.a(tasks.o)
                              C:/msys32/home/Ganesh/esp/hello_world/build/esp32\libesp32.a(system_api.o) (vTaskSuspendAll)
[...]
Memory Configuration

Name             Origin             Length             Attributes
iram0_0_seg      0x40080000         0x00020000         xr
iram0_2_seg      0x400d0018         0x0032ffe8         xr
dram0_0_seg      0x3ffb0000         0x0002c200         rw
drom0_0_seg      0x3f400018         0x003fffe8         r
rtc_iram_seg     0x400c0000         0x00002000         xrw
rtc_data_seg     0x3ff80000         0x00002000         rw
rtc_slow_seg     0x50000000         0x00001000         rw
extern_ram_seg   0x3f800000         0x00400000         xrw
*default*        0x00000000         0xffffffff

Linker script and memory map

START GROUP
LOAD C:/msys32/home/Ganesh/esp/hello_world/build/app_trace\libapp_trace.a
LOAD C:/msys32/home/Ganesh/esp/hello_world/build/app_update\libapp_update.a
LOAD C:/msys32/home/Ganesh/esp/hello_world/build/asio\libasio.a
LOAD C:/msys32/home/Ganesh/esp/hello_world/build/bootloader_support\libbootloader_support.a
LOAD C:/msys32/home/Ganesh/esp/hello_world/build/bt\libbt.a
LOAD C:/msys32/home/Ganesh/esp/hello_world/build/coap\libcoap.a
LOAD C:/msys32/home/Ganesh/esp/hello_world/build/console\libconsole.a
LOAD C:/msys32/home/Ganesh/esp/hello_world/build/cxx\libcxx.a
LOAD C:/msys32/home/Ganesh/esp/hello_world/build/driver\libdriver.a
LOAD C:/msys32/home/Ganesh/esp/hello_world/build/esp-tls\libesp-tls.a
LOAD C:/msys32/home/Ganesh/esp/hello_world/build/esp32\libesp32.a
LOAD C:/msys32/home/Ganesh/esp/esp-idf/components/esp32/libhal.a
LOAD C:/msys32/home/Ganesh/esp/esp-idf/components/esp32/lib\libcore.a
LOAD C:/msys32/home/Ganesh/esp/esp-idf/components/esp32/lib\librtc.a
LOAD C:/msys32/home/Ganesh/esp/esp-idf/components/esp32/lib\libnet80211.a
LOAD C:/msys32/home/Ganesh/esp/esp-idf/components/esp32/lib\libpp.a
LOAD C:/msys32/home/Ganesh/esp/esp-idf/components/esp32/lib\libwpa.a
LOAD C:/msys32/home/Ganesh/esp/esp-idf/components/esp32/lib\libsmartconfig.a
LOAD C:/msys32/home/Ganesh/esp/esp-idf/components/esp32/lib\libcoexist.a
LOAD C:/msys32/home/Ganesh/esp/esp-idf/components/esp32/lib\libwps.a
LOAD C:/msys32/home/Ganesh/esp/esp-idf/components/esp32/lib\libwpa2.a
LOAD C:/msys32/home/Ganesh/esp/esp-idf/components/esp32/lib\libespnow.a
LOAD C:/msys32/home/Ganesh/esp/esp-idf/components/esp32/lib\libphy.a
LOAD C:/msys32/home/Ganesh/esp/esp-idf/components/esp32/lib\libmesh.a
LOAD C:/msys32/home/Ganesh/esp/hello_world/build/esp_adc_cal\libesp_adc_cal.a
LOAD C:/msys32/home/Ganesh/esp/hello_world/build/esp_event\libesp_event.a
LOAD C:/msys32/home/Ganesh/esp/hello_world/build/esp_http_client\libesp_http_client.a
LOAD C:/msys32/home/Ganesh/esp/hello_world/build/esp_http_server\libesp_http_server.a
LOAD C:/msys32/home/Ganesh/esp/hello_world/build/esp_https_ota\libesp_https_ota.a
LOAD C:/msys32/home/Ganesh/esp/hello_world/build/esp_ringbuf\libesp_ringbuf.a
LOAD C:/msys32/home/Ganesh/esp/hello_world/build/ethernet\libethernet.a
LOAD C:/msys32/home/Ganesh/esp/hello_world/build/expat\libexpat.a
LOAD C:/msys32/home/Ganesh/esp/hello_world/build/fatfs\libfatfs.a
LOAD C:/msys32/home/Ganesh/esp/hello_world/build/freemodbus\libfreemodbus.a
LOAD C:/msys32/home/Ganesh/esp/hello_world/build/freertos\libfreertos.a
LOAD C:/msys32/home/Ganesh/esp/hello_world/build/heap\libheap.a
LOAD C:/msys32/home/Ganesh/esp/hello_world/build/idf_test\libidf_test.a
LOAD C:/msys32/home/Ganesh/esp/hello_world/build/jsmn\libjsmn.a
LOAD C:/msys32/home/Ganesh/esp/hello_world/build/json\libjson.a
LOAD C:/msys32/home/Ganesh/esp/hello_world/build/libsodium\liblibsodium.a
LOAD C:/msys32/home/Ganesh/esp/hello_world/build/log\liblog.a
LOAD C:/msys32/home/Ganesh/esp/hello_world/build/lwip\liblwip.a
LOAD C:/msys32/home/Ganesh/esp/hello_world/build/main\libmain.a
LOAD C:/msys32/home/Ganesh/esp/hello_world/build/mbedtls\libmbedtls.a
LOAD C:/msys32/home/Ganesh/esp/hello_world/build/mdns\libmdns.a
LOAD C:/msys32/home/Ganesh/esp/hello_world/build/micro-ecc\libmicro-ecc.a
LOAD C:/msys32/home/Ganesh/esp/hello_world/build/mqtt\libmqtt.a
LOAD C:/msys32/home/Ganesh/esp/esp-idf/components/newlib/lib/libc.a
LOAD C:/msys32/home/Ganesh/esp/esp-idf/components/newlib/lib/libm.a
LOAD C:/msys32/home/Ganesh/esp/hello_world/build/newlib\libnewlib.a
LOAD C:/msys32/home/Ganesh/esp/hello_world/build/nghttp\libnghttp.a
LOAD C:/msys32/home/Ganesh/esp/hello_world/build/nvs_flash\libnvs_flash.a
LOAD C:/msys32/home/Ganesh/esp/hello_world/build/openssl\libopenssl.a
LOAD C:/msys32/home/Ganesh/esp/hello_world/build/protobuf-c\libprotobuf-c.a
LOAD C:/msys32/home/Ganesh/esp/hello_world/build/protocomm\libprotocomm.a
LOAD C:/msys32/home/Ganesh/esp/hello_world/build/pthread\libpthread.a
LOAD C:/msys32/home/Ganesh/esp/hello_world/build/sdmmc\libsdmmc.a
LOAD C:/msys32/home/Ganesh/esp/hello_world/build/smartconfig_ack\libsmartconfig_ack.a
LOAD C:/msys32/home/Ganesh/esp/hello_world/build/soc\libsoc.a
LOAD C:/msys32/home/Ganesh/esp/hello_world/build/spi_flash\libspi_flash.a
LOAD C:/msys32/home/Ganesh/esp/hello_world/build/spiffs\libspiffs.a
LOAD C:/msys32/home/Ganesh/esp/hello_world/build/tcp_transport\libtcp_transport.a
LOAD C:/msys32/home/Ganesh/esp/hello_world/build/tcpip_adapter\libtcpip_adapter.a
LOAD C:/msys32/home/Ganesh/esp/hello_world/build/ulp\libulp.a
LOAD C:/msys32/home/Ganesh/esp/hello_world/build/vfs\libvfs.a
LOAD C:/msys32/home/Ganesh/esp/hello_world/build/wear_levelling\libwear_levelling.a
LOAD C:/msys32/home/Ganesh/esp/hello_world/build/wifi_provisioning\libwifi_provisioning.a
LOAD C:/msys32/home/Ganesh/esp/hello_world/build/wpa_supplicant\libwpa_supplicant.a
LOAD C:/msys32/home/Ganesh/esp/hello_world/build/xtensa-debug-module\libxtensa-debug-module.a
LOAD c:/msys32/opt/xtensa-esp32-elf/bin/../lib/gcc/xtensa-esp32-elf/5.2.0\libgcc.a
LOAD c:/msys32/opt/xtensa-esp32-elf/bin/../lib/gcc/xtensa-esp32-elf/5.2.0/../../../../xtensa-esp32-elf/lib\libstdc++.a
LOAD c:/msys32/opt/xtensa-esp32-elf/bin/../lib/gcc/xtensa-esp32-elf/5.2.0\libgcov.a
END GROUP
                0x40000000                _heap_end = 0x40000000
                0x3ff80000                _data_seg_org = ORIGIN (rtc_data_seg)

.rtc.text       0x400c0000        0x0
                0x400c0000                . = ALIGN (0x4)
 *(.rtc.literal .rtc.text)
 *rtc_wake_stub*.*(.literal .text .literal.* .text.*)
                0x400c0000                _rtc_text_end = ABSOLUTE (.)

.rtc.dummy      0x3ff80000        0x0
                0x3ff80000                _rtc_dummy_start = ABSOLUTE (.)
                0x3ff80000                _rtc_fast_start = ABSOLUTE (.)
                0x00000000                . = SIZEOF (.rtc.text)
                0x00000000                _rtc_dummy_end = ABSOLUTE (.)

.rtc.force_fast
                0x3ff80000        0x0
                0x3ff80000                . = ALIGN (0x4)
                0x3ff80000                _rtc_force_fast_start = ABSOLUTE (.)
 *(.rtc.force_fast .rtc.force_fast.*)
                0x3ff80000                . = ALIGN (0x4)
                0x3ff80000                _rtc_force_fast_end = ABSOLUTE (.)

.rtc.data       0x50000000        0x0
                0x50000000                _rtc_data_start = ABSOLUTE (.)
 *(.rtc.data)
 *(.rtc.rodata)
 *rtc_wake_stub*.*(.data .rodata .data.* .rodata.* .bss .bss.*)
                0x50000000                _rtc_data_end = ABSOLUTE (.)

.rtc.bss        0x50000000        0x0
                0x50000000                _rtc_bss_start = ABSOLUTE (.)
 *rtc_wake_stub*.*(.bss .bss.*)
 *rtc_wake_stub*.*(COMMON)
 *(.rtc.bss)
                0x50000000                _rtc_bss_end = ABSOLUTE (.)

.rtc_noinit     0x50000000        0x0
                0x50000000                . = ALIGN (0x4)
                0x50000000                _rtc_noinit_start = ABSOLUTE (.)
 *(.rtc_noinit .rtc_noinit.*)
                0x50000000                . = ALIGN (0x4)
                0x50000000                _rtc_noinit_end = ABSOLUTE (.)

.rtc.force_slow
                0x50000000        0x0
                0x50000000                . = ALIGN (0x4)
                0x50000000                _rtc_force_slow_start = ABSOLUTE (.)
 *(.rtc.force_slow .rtc.force_slow.*)
                0x50000000                . = ALIGN (0x4)
                0x50000000                _rtc_force_slow_end = ABSOLUTE (.)
                0x00000000                _rtc_slow_length = (ORIGIN (rtc_slow_seg) == ORIGIN (rtc_data_location))?(_rtc_force_slow_end - _rtc_data_start):(_rtc_force_slow_end - _rtc_force_slow_start)
                0x00000000                _rtc_fast_length = (ORIGIN (rtc_slow_seg) == ORIGIN (rtc_data_location))?(_rtc_force_fast_end - _rtc_fast_start):(_rtc_noinit_end - _rtc_fast_start)
                0x00000001                ASSERT ((_rtc_slow_length <= 0x1000), RTC_SLOW segment data does not fit.)
                0x00000001                ASSERT ((_rtc_fast_length <= 0x2000), RTC_FAST segment data does not fit.)

.iram0.vectors  0x40080000      0x400
                0x40080000                _iram_start = ABSOLUTE (.)
                0x40080000                _init_start = ABSOLUTE (.)
                0x00000000                . = 0x0
 *(.WindowVectors.text)
 .WindowVectors.text
                0x40080000      0x16a C:/msys32/home/Ganesh/esp/hello_world/build/freertos\libfreertos.a(xtensa_vectors.o)
                0x40080000                _WindowOverflow4
                0x40080040                _WindowUnderflow4
                0x40080050                _xt_alloca_exc
                0x40080080                _WindowOverflow8
                0x400800c0                _WindowUnderflow8
                0x40080100                _WindowOverflow12
                0x40080140                _WindowUnderflow12
                0x00000180                . = 0x180
 *fill*         0x4008016a       0x16 
 *(.Level2InterruptVector.text)
 .Level2InterruptVector.text
                0x40080180        0x6 C:/msys32/home/Ganesh/esp/hello_world/build/freertos\libfreertos.a(xtensa_vectors.o)
                0x40080180                _Level2Vector
                0x000001c0                . = 0x1c0
 *fill*         0x40080186       0x3a 
 *(.Level3InterruptVector.text)
 .Level3InterruptVector.text
                0x400801c0        0x6 C:/msys32/home/Ganesh/esp/hello_world/build/freertos\libfreertos.a(xtensa_vectors.o)
                0x400801c0                _Level3Vector
                0x00000200                . = 0x200
 *fill*         0x400801c6       0x3a 
 *(.Level4InterruptVector.text)
 .Level4InterruptVector.text
                0x40080200        0x6 C:/msys32/home/Ganesh/esp/hello_world/build/freertos\libfreertos.a(xtensa_vectors.o)
                0x40080200                _Level4Vector
                0x00000240                . = 0x240
 *fill*         0x40080206       0x3a 
 *(.Level5InterruptVector.text)
 .Level5InterruptVector.text
                0x40080240        0x6 C:/msys32/home/Ganesh/esp/hello_world/build/freertos\libfreertos.a(xtensa_vectors.o)
                0x40080240                _Level5Vector
                0x00000280                . = 0x280
 *fill*         0x40080246       0x3a 
 *(.DebugExceptionVector.text)
 .DebugExceptionVector.text
                0x40080280        0x6 C:/msys32/home/Ganesh/esp/hello_world/build/freertos\libfreertos.a(xtensa_vectors.o)
                0x40080280                _DebugExceptionVector
                0x000002c0                . = 0x2c0
 *fill*         0x40080286       0x3a 
 *(.NMIExceptionVector.text)
 .NMIExceptionVector.text
                0x400802c0        0x6 C:/msys32/home/Ganesh/esp/hello_world/build/freertos\libfreertos.a(xtensa_vectors.o)
                0x400802c0                _NMIExceptionVector
                0x00000300                . = 0x300
 *fill*         0x400802c6       0x3a 
 *(.KernelExceptionVector.text)
 .KernelExceptionVector.text
                0x40080300        0x6 C:/msys32/home/Ganesh/esp/hello_world/build/freertos\libfreertos.a(xtensa_vectors.o)
                0x40080300                _KernelExceptionVector
                0x00000340                . = 0x340
 *fill*         0x40080306       0x3a 
 *(.UserExceptionVector.text)
 .UserExceptionVector.text
                0x40080340        0x6 C:/msys32/home/Ganesh/esp/hello_world/build/freertos\libfreertos.a(xtensa_vectors.o)
                0x40080340                _UserExceptionVector
                0x000003c0                . = 0x3c0
 *fill*         0x40080346       0x7a 
 *(.DoubleExceptionVector.text)
 .DoubleExceptionVector.text
                0x400803c0        0xf C:/msys32/home/Ganesh/esp/hello_world/build/freertos\libfreertos.a(xtensa_vectors.o)
                0x400803c0                _DoubleExceptionVector
                0x00000400                . = 0x400
 *fill*         0x400803cf       0x31 
 *(.*Vector.literal)
 *(.UserEnter.literal)
 *(.UserEnter.text)
                0x40080400                . = ALIGN (0x10)
 *(.entry.text)
 *(.init.literal)
 *(.init)
                0x40080400                _init_end = ABSOLUTE (.)

.iram0.text     0x40080400     0x9188
                0x40080400                _iram_text_start = ABSOLUTE (.)
 *(.iram1 .iram1.*)
 .iram1.literal
                0x40080400       0xb4 C:/msys32/home/Ganesh/esp/hello_world/build/esp32\libesp32.a(cpu_start.o)
                                0x1dc (size before relaxing)
 .iram1.literal
                0x400804b4       0x18 C:/msys32/home/Ganesh/esp/hello_world/build/esp32\libesp32.a(reset_reason.o)
                                 0x20 (size before relaxing)
 .iram1.literal
                0x400804cc       0x24 C:/msys32/home/Ganesh/esp/hello_world/build/esp32\libesp32.a(dport_panic_highint_hdl.o)
                                 0x28 (size before relaxing)
 .iram1.literal
                0x400804f0        0x8 C:/msys32/home/Ganesh/esp/hello_world/build/esp32\libesp32.a(int_wdt.o)
                                  0xc (size before relaxing)
 .iram1.literal
                0x400804f8       0x44 C:/msys32/home/Ganesh/esp/hello_world/build/esp32\libesp32.a(system_api.o)
                                 0xb4 (size before relaxing)
 .iram1.literal
                0x4008053c       0x28 C:/msys32/home/Ganesh/esp/hello_world/build/esp32\libesp32.a(dport_access.o)
                                 0x88 (size before relaxing)
 .iram1.literal
                0x40080564       0x24 C:/msys32/home/Ganesh/esp/hello_world/build/esp32\libesp32.a(esp_timer.o)
                                 0x60 (size before relaxing)
 .iram1.literal
                0x40080588       0x20 C:/msys32/home/Ganesh/esp/hello_world/build/esp32\libesp32.a(intr_alloc.o)
                                 0x7c (size before relaxing)
 .iram1.literal
                0x400805a8       0x20 C:/msys32/home/Ganesh/esp/hello_world/build/esp32\libesp32.a(ipc.o)
                                 0x34 (size before relaxing)
 .iram1.literal
                0x400805c8        0xc C:/msys32/home/Ganesh/esp/hello_world/build/esp32\libesp32.a(cache_err_int.o)
                                 0x18 (size before relaxing)
 .iram1.literal
                0x400805d4        0x4 C:/msys32/home/Ganesh/esp/hello_world/build/esp32\libesp32.a(freertos_hooks.o)
 .iram1.literal
                0x400805d8        0xc C:/msys32/home/Ganesh/esp/hello_world/build/esp32\libesp32.a(clk.o)
                                 0x20 (size before relaxing)
 .iram1.literal
                0x400805e4       0x60 C:/msys32/home/Ganesh/esp/hello_world/build/esp32\libesp32.a(esp_timer_esp32.o)
                                 0xf8 (size before relaxing)
 .iram1.literal
                0x40080644       0x1c C:/msys32/home/Ganesh/esp/hello_world/build/esp32\libesp32.a(crosscore_int.o)
                                 0x40 (size before relaxing)
 .iram1.literal
                0x40080660        0x4 C:/msys32/home/Ganesh/esp/hello_world/build/freertos\libfreertos.a(port.o)
 .iram1.literal
                0x40080664       0x44 C:/msys32/home/Ganesh/esp/hello_world/build/freertos\libfreertos.a(xtensa_vectors.o)
                                 0x68 (size before relaxing)
 .iram1.literal
                0x400806a8       0x58 C:/msys32/home/Ganesh/esp/hello_world/build/heap\libheap.a(heap_caps.o)
                                 0xb0 (size before relaxing)
 .iram1.literal
                0x40080700       0x24 C:/msys32/home/Ganesh/esp/hello_world/build/log\liblog.a(log.o)
                                 0x48 (size before relaxing)
 .iram1.literal
                0x40080724       0x14 C:/msys32/home/Ganesh/esp/hello_world/build/newlib\libnewlib.a(locks.o)
                                 0x90 (size before relaxing)
 .iram1.literal
                0x40080738        0x4 C:/msys32/home/Ganesh/esp/hello_world/build/newlib\libnewlib.a(syscalls.o)
                                 0x14 (size before relaxing)
 .iram1.literal
                0x4008073c        0x8 C:/msys32/home/Ganesh/esp/hello_world/build/newlib\libnewlib.a(reent_init.o)
                                 0x10 (size before relaxing)
 .iram1.literal
                0x40080744        0x4 C:/msys32/home/Ganesh/esp/hello_world/build/newlib\libnewlib.a(time.o)
                                 0x1c (size before relaxing)
 .iram1.literal
                0x40080748       0x1c C:/msys32/home/Ganesh/esp/hello_world/build/soc\libsoc.a(cpu_util.o)
                                 0x30 (size before relaxing)
 .iram1.literal
                0x40080764       0x38 C:/msys32/home/Ganesh/esp/hello_world/build/spi_flash\libspi_flash.a(flash_ops.o)
                                 0xe4 (size before relaxing)
 .iram1.literal
                0x4008079c       0x50 C:/msys32/home/Ganesh/esp/hello_world/build/spi_flash\libspi_flash.a(cache_utils.o)
                                0x120 (size before relaxing)
 .iram1.literal
                0x400807ec       0x50 C:/msys32/home/Ganesh/esp/hello_world/build/spi_flash\libspi_flash.a(flash_mmap.o)
                                0x170 (size before relaxing)
 .literal.prvGetFreeSize
                0x4008083c        0xc C:/msys32/home/Ganesh/esp/hello_world/build/esp_ringbuf\libesp_ringbuf.a(ringbuf.o)
                                 0x14 (size before relaxing)
 .literal.prvReceiveGeneric
                0x40080848        0x4 C:/msys32/home/Ganesh/esp/hello_world/build/esp_ringbuf\libesp_ringbuf.a(ringbuf.o)
                                 0x3c (size before relaxing)
 .literal.xRingbufferSend
                0x4008084c        0x4 C:/msys32/home/Ganesh/esp/hello_world/build/esp_ringbuf\libesp_ringbuf.a(ringbuf.o)
                                 0x40 (size before relaxing)
 .literal.xRingbufferReceive
                0x40080850        0x4 C:/msys32/home/Ganesh/esp/hello_world/build/esp_ringbuf\libesp_ringbuf.a(ringbuf.o)
                                 0x18 (size before relaxing)
 .literal.vRingbufferReturnItem
                0x40080854        0x4 C:/msys32/home/Ganesh/esp/hello_world/build/esp_ringbuf\libesp_ringbuf.a(ringbuf.o)
                                 0x28 (size before relaxing)
 .literal.prvResetNextTaskUnblockTime
                0x40080858        0x8 C:/msys32/home/Ganesh/esp/hello_world/build/freertos\libfreertos.a(tasks.o)
 .literal.prvDeleteTLS
                0x40080860       0x10 C:/msys32/home/Ganesh/esp/hello_world/build/freertos\libfreertos.a(tasks.o)
                                 0x18 (size before relaxing)
 .literal.prvInitialiseNewTask
                0x40080870        0x0 C:/msys32/home/Ganesh/esp/hello_world/build/freertos\libfreertos.a(tasks.o)
                                 0x18 (size before relaxing)
 .literal.prvInitialiseTaskLists
                0x40080870       0x20 C:/msys32/home/Ganesh/esp/hello_world/build/freertos\libfreertos.a(tasks.o)
                                 0x40 (size before relaxing)
 .literal.prvDeleteTCB
                0x40080890        0x8 C:/msys32/home/Ganesh/esp/hello_world/build/freertos\libfreertos.a(tasks.o)
                                 0x2c (size before relaxing)
 .literal.prvAddCurrentTaskToDelayedList
                0x40080898        0x4 C:/msys32/home/Ganesh/esp/hello_world/build/freertos\libfreertos.a(tasks.o)
                                 0x1c (size before relaxing)
 .literal.taskYIELD_OTHER_CORE
                0x4008089c        0x0 C:/msys32/home/Ganesh/esp/hello_world/build/freertos\libfreertos.a(tasks.o)
                                 0x10 (size before relaxing)
 .literal.vTaskSuspendAll
                0x4008089c        0x4 C:/msys32/home/Ganesh/esp/hello_world/build/freertos\libfreertos.a(tasks.o)
                                  0x8 (size before relaxing)
 .literal.xTaskGetTickCount
                0x400808a0        0x0 C:/msys32/home/Ganesh/esp/hello_world/build/freertos\libfreertos.a(tasks.o)
                                  0x4 (size before relaxing)
 .literal.xTaskGetIdleTaskHandleForCPU
                0x400808a0        0xc C:/msys32/home/Ganesh/esp/hello_world/build/freertos\libfreertos.a(tasks.o)
                                 0x1c (size before relaxing)
 .literal.vTaskSwitchContext
                0x400808ac       0x18 C:/msys32/home/Ganesh/esp/hello_world/build/freertos\libfreertos.a(tasks.o)
                                 0x3c (size before relaxing)
 .literal.vTaskSetTimeOutState
                0x400808c4        0xc C:/msys32/home/Ganesh/esp/hello_world/build/freertos\libfreertos.a(tasks.o)
                                 0x20 (size before relaxing)
 .literal.xTaskGetCurrentTaskHandle
                0x400808d0        0x0 C:/msys32/home/Ganesh/esp/hello_world/build/freertos\libfreertos.a(tasks.o)
                                  0x8 (size before relaxing)
 .literal.__getreent
                0x400808d0        0x0 C:/msys32/home/Ganesh/esp/hello_world/build/freertos\libfreertos.a(tasks.o)
                                  0x8 (size before relaxing)
 .literal.pcTaskGetTaskName
                0x400808d0        0x8 C:/msys32/home/Ganesh/esp/hello_world/build/freertos\libfreertos.a(tasks.o)
                                 0x1c (size before relaxing)
 .literal.xTaskGetAffinity
                0x400808d8        0x0 C:/msys32/home/Ganesh/esp/hello_world/build/freertos\libfreertos.a(tasks.o)
                                  0x4 (size before relaxing)
 .literal.xTaskGetCurrentTaskHandleForCPU
                0x400808d8        0x0 C:/msys32/home/Ganesh/esp/hello_world/build/freertos\libfreertos.a(tasks.o)
                                  0x4 (size before relaxing)
 .literal.xTaskGetSchedulerState
                0x400808d8        0x4 C:/msys32/home/Ganesh/esp/hello_world/build/freertos\libfreertos.a(tasks.o)
                                  0xc (size before relaxing)
 .literal.vTaskEnterCritical
                0x400808dc       0x20 C:/msys32/home/Ganesh/esp/hello_world/build/freertos\libfreertos.a(tasks.o)
                                 0x34 (size before relaxing)
 .literal.vTaskExitCritical
                0x400808fc        0xc C:/msys32/home/Ganesh/esp/hello_world/build/freertos\libfreertos.a(tasks.o)
                                 0x28 (size before relaxing)
 .literal.prvAddNewTaskToReadyList
                0x40080908       0x10 C:/msys32/home/Ganesh/esp/hello_world/build/freertos\libfreertos.a(tasks.o)
                                 0x58 (size before relaxing)
 .literal.xTaskCreatePinnedToCore
                0x40080918        0x0 C:/msys32/home/Ganesh/esp/hello_world/build/freertos\libfreertos.a(tasks.o)
                                 0x18 (size before relaxing)
 .literal.vTaskStartScheduler
                0x40080918       0x10 C:/msys32/home/Ganesh/esp/hello_world/build/freertos\libfreertos.a(tasks.o)
                                 0x3c (size before relaxing)
 .literal.vTaskDelete
                0x40080928        0x8 C:/msys32/home/Ganesh/esp/hello_world/build/freertos\libfreertos.a(tasks.o)
                                 0x60 (size before relaxing)
 .literal.vTaskDelay
                0x40080930        0x4 C:/msys32/home/Ganesh/esp/hello_world/build/freertos\libfreertos.a(tasks.o)
                                 0x38 (size before relaxing)
 .literal.uxTaskPriorityGet
                0x40080934        0x0 C:/msys32/home/Ganesh/esp/hello_world/build/freertos\libfreertos.a(tasks.o)
                                 0x10 (size before relaxing)
 .literal.vTaskPrioritySet
                0x40080934        0x4 C:/msys32/home/Ganesh/esp/hello_world/build/freertos\libfreertos.a(tasks.o)
                                 0x44 (size before relaxing)
 .literal.prvCheckTasksWaitingTermination
                0x40080938        0x8 C:/msys32/home/Ganesh/esp/hello_world/build/freertos\libfreertos.a(tasks.o)
                                 0x30 (size before relaxing)
 .literal.prvIdleTask
                0x40080940        0x0 C:/msys32/home/Ganesh/esp/hello_world/build/freertos\libfreertos.a(tasks.o)
                                  0x8 (size before relaxing)
 .literal.xTaskIncrementTick
                0x40080940        0xc C:/msys32/home/Ganesh/esp/hello_world/build/freertos\libfreertos.a(tasks.o)
                                 0x6c (size before relaxing)
 .literal.xTaskResumeAll
                0x4008094c        0x8 C:/msys32/home/Ganesh/esp/hello_world/build/freertos\libfreertos.a(tasks.o)
                                 0x5c (size before relaxing)
 .literal.vTaskPlaceOnEventList
                0x40080954        0x8 C:/msys32/home/Ganesh/esp/hello_world/build/freertos\libfreertos.a(tasks.o)
                                 0x40 (size before relaxing)
 .literal.vTaskPlaceOnEventListRestricted
                0x4008095c        0x8 C:/msys32/home/Ganesh/esp/hello_world/build/freertos\libfreertos.a(tasks.o)
                                 0x38 (size before relaxing)
 .literal.xTaskRemoveFromEventList
                0x40080964        0x8 C:/msys32/home/Ganesh/esp/hello_world/build/freertos\libfreertos.a(tasks.o)
                                 0x58 (size before relaxing)
 .literal.xTaskCheckForTimeOut
                0x4008096c        0xc C:/msys32/home/Ganesh/esp/hello_world/build/freertos\libfreertos.a(tasks.o)
                                 0x3c (size before relaxing)
 .literal.vTaskPriorityInherit
                0x40080978        0x0 C:/msys32/home/Ganesh/esp/hello_world/build/freertos\libfreertos.a(tasks.o)
                                 0x28 (size before relaxing)
 .literal.xTaskPriorityDisinherit
                0x40080978        0x8 C:/msys32/home/Ganesh/esp/hello_world/build/freertos\libfreertos.a(tasks.o)
                                 0x3c (size before relaxing)
 .literal.pvTaskIncrementMutexHeldCount
                0x40080980        0x0 C:/msys32/home/Ganesh/esp/hello_world/build/freertos\libfreertos.a(tasks.o)
                                 0x10 (size before relaxing)
 .literal.vPortTaskWrapper
                0x40080980        0x8 C:/msys32/home/Ganesh/esp/hello_world/build/freertos\libfreertos.a(port.o)
                                 0x18 (size before relaxing)
 .literal.pxPortInitialiseStack
                0x40080988       0x14 C:/msys32/home/Ganesh/esp/hello_world/build/freertos\libfreertos.a(port.o)
                                 0x1c (size before relaxing)
 .literal.xPortStartScheduler
                0x4008099c        0x0 C:/msys32/home/Ganesh/esp/hello_world/build/freertos\libfreertos.a(port.o)
                                 0x14 (size before relaxing)
 .literal.xPortSysTickHandler
                0x4008099c        0x0 C:/msys32/home/Ganesh/esp/hello_world/build/freertos\libfreertos.a(port.o)
                                  0x8 (size before relaxing)
 .literal.vPortYieldOtherCore
                0x4008099c        0x0 C:/msys32/home/Ganesh/esp/hello_world/build/freertos\libfreertos.a(port.o)
                                  0x4 (size before relaxing)
 .literal.vPortReleaseTaskMPUSettings
                0x4008099c        0x0 C:/msys32/home/Ganesh/esp/hello_world/build/freertos\libfreertos.a(port.o)
                                  0x4 (size before relaxing)
 .literal.xPortInIsrContext
                0x4008099c        0x0 C:/msys32/home/Ganesh/esp/hello_world/build/freertos\libfreertos.a(port.o)
                                  0x8 (size before relaxing)
 .literal.vPortCPUInitializeMutex
                0x4008099c        0x0 C:/msys32/home/Ganesh/esp/hello_world/build/freertos\libfreertos.a(port.o)
                                  0x4 (size before relaxing)
 .literal.vPortCPUAcquireMutex
                0x4008099c       0x14 C:/msys32/home/Ganesh/esp/hello_world/build/freertos\libfreertos.a(port.o)
                                 0x30 (size before relaxing)
 .literal.vPortCPUReleaseMutex
                0x400809b0        0xc C:/msys32/home/Ganesh/esp/hello_world/build/freertos\libfreertos.a(port.o)
                                 0x20 (size before relaxing)
 .literal._xt_tick_divisor_init
                0x400809bc        0x8 C:/msys32/home/Ganesh/esp/hello_world/build/freertos\libfreertos.a(xtensa_init.o)
                                  0xc (size before relaxing)
 .literal.prvIsQueueFull
                0x400809c4        0x0 C:/msys32/home/Ganesh/esp/hello_world/build/freertos\libfreertos.a(queue.o)
                                  0x8 (size before relaxing)
 .literal.prvCopyDataToQueue
                0x400809c4        0x0 C:/msys32/home/Ganesh/esp/hello_world/build/freertos\libfreertos.a(queue.o)
                                  0xc (size before relaxing)
 .literal.prvNotifyQueueSetContainer
                0x400809c4       0x14 C:/msys32/home/Ganesh/esp/hello_world/build/freertos\libfreertos.a(queue.o)
                                 0x34 (size before relaxing)
 .literal.prvCopyDataFromQueue
                0x400809d8        0x0 C:/msys32/home/Ganesh/esp/hello_world/build/freertos\libfreertos.a(queue.o)
                                  0x4 (size before relaxing)
 .literal.xQueueGenericReset
                0x400809d8        0x4 C:/msys32/home/Ganesh/esp/hello_world/build/freertos\libfreertos.a(queue.o)
                                 0x30 (size before relaxing)
 .literal.prvInitialiseNewQueue
                0x400809dc        0x0 C:/msys32/home/Ganesh/esp/hello_world/build/freertos\libfreertos.a(queue.o)
                                  0x4 (size before relaxing)
 .literal.xQueueGenericCreate
                0x400809dc        0x4 C:/msys32/home/Ganesh/esp/hello_world/build/freertos\libfreertos.a(queue.o)
                                 0x1c (size before relaxing)
 .literal.xQueueGetMutexHolder
                0x400809e0        0x0 C:/msys32/home/Ganesh/esp/hello_world/build/freertos\libfreertos.a(queue.o)
                                  0x8 (size before relaxing)
 .literal.xQueueCreateCountingSemaphore
                0x400809e0        0x4 C:/msys32/home/Ganesh/esp/hello_world/build/freertos\libfreertos.a(queue.o)
                                 0x28 (size before relaxing)
 .literal.xQueueGenericSend
                0x400809e4        0x4 C:/msys32/home/Ganesh/esp/hello_world/build/freertos\libfreertos.a(queue.o)
                                 0x7c (size before relaxing)
 .literal.prvInitialiseMutex
                0x400809e8        0x0 C:/msys32/home/Ganesh/esp/hello_world/build/freertos\libfreertos.a(queue.o)
                                  0x8 (size before relaxing)
 .literal.xQueueCreateMutex
                0x400809e8        0x0 C:/msys32/home/Ganesh/esp/hello_world/build/freertos\libfreertos.a(queue.o)
                                  0x8 (size before relaxing)
 .literal.xQueueGiveMutexRecursive
                0x400809e8        0x4 C:/msys32/home/Ganesh/esp/hello_world/build/freertos\libfreertos.a(queue.o)
                                 0x1c (size before relaxing)
 .literal.xQueueGenericSendFromISR
                0x400809ec        0x4 C:/msys32/home/Ganesh/esp/hello_world/build/freertos\libfreertos.a(queue.o)
                                 0x3c (size before relaxing)
 .literal.xQueueGiveFromISR
                0x400809f0        0x4 C:/msys32/home/Ganesh/esp/hello_world/build/freertos\libfreertos.a(queue.o)
                                 0x30 (size before relaxing)
 .literal.xQueueGenericReceive
                0x400809f4        0x4 C:/msys32/home/Ganesh/esp/hello_world/build/freertos\libfreertos.a(queue.o)
                                 0x78 (size before relaxing)
 .literal.xQueueTakeMutexRecursive
                0x400809f8        0x4 C:/msys32/home/Ganesh/esp/hello_world/build/freertos\libfreertos.a(queue.o)
                                 0x1c (size before relaxing)
 .literal.xQueueReceiveFromISR
                0x400809fc        0x4 C:/msys32/home/Ganesh/esp/hello_world/build/freertos\libfreertos.a(queue.o)
                                 0x30 (size before relaxing)
 .literal.vQueueDelete
                0x40080a00        0x4 C:/msys32/home/Ganesh/esp/hello_world/build/freertos\libfreertos.a(queue.o)
                                 0x18 (size before relaxing)
 .literal.vQueueWaitForMessageRestricted
                0x40080a04        0x0 C:/msys32/home/Ganesh/esp/hello_world/build/freertos\libfreertos.a(queue.o)
                                  0xc (size before relaxing)
 .literal.xt_unhandled_interrupt
                0x40080a04        0x4 C:/msys32/home/Ganesh/esp/hello_world/build/freertos\libfreertos.a(xtensa_intr.o)
                                  0x8 (size before relaxing)
 .literal.xt_set_interrupt_handler
                0x40080a08        0x8 C:/msys32/home/Ganesh/esp/hello_world/build/freertos\libfreertos.a(xtensa_intr.o)
                                  0xc (size before relaxing)
 .literal       0x40080a10        0xc C:/msys32/home/Ganesh/esp/hello_world/build/freertos\libfreertos.a(portasm.o)
                                 0x54 (size before relaxing)
 .literal       0x40080a1c        0x0 C:/msys32/home/Ganesh/esp/hello_world/build/freertos\libfreertos.a(xtensa_context.o)
                                 0x10 (size before relaxing)
 .literal.prvGetNextExpireTime
                0x40080a1c        0x4 C:/msys32/home/Ganesh/esp/hello_world/build/freertos\libfreertos.a(timers.o)
 .literal.prvInsertTimerInActiveList
                0x40080a20        0x4 C:/msys32/home/Ganesh/esp/hello_world/build/freertos\libfreertos.a(timers.o)
                                 0x10 (size before relaxing)
 .literal.prvCheckForValidListAndQueue
                0x40080a24       0x1c C:/msys32/home/Ganesh/esp/hello_world/build/freertos\libfreertos.a(timers.o)
                                 0x44 (size before relaxing)
 .literal.xTimerCreateTimerTask
                0x40080a40        0xc C:/msys32/home/Ganesh/esp/hello_world/build/freertos\libfreertos.a(timers.o)
                                 0x2c (size before relaxing)
 .literal.xTimerGenericCommand
                0x40080a4c        0x0 C:/msys32/home/Ganesh/esp/hello_world/build/freertos\libfreertos.a(timers.o)
                                 0x14 (size before relaxing)
 .literal.prvSwitchTimerLists
                0x40080a4c        0x4 C:/msys32/home/Ganesh/esp/hello_world/build/freertos\libfreertos.a(timers.o)
                                 0x28 (size before relaxing)
 .literal.prvSampleTimeNow
                0x40080a50        0x4 C:/msys32/home/Ganesh/esp/hello_world/build/freertos\libfreertos.a(timers.o)
                                  0xc (size before relaxing)
 .literal.prvProcessExpiredTimer
                0x40080a54        0x4 C:/msys32/home/Ganesh/esp/hello_world/build/freertos\libfreertos.a(timers.o)
                                 0x24 (size before relaxing)
 .literal.prvProcessTimerOrBlockTask
                0x40080a58        0x0 C:/msys32/home/Ganesh/esp/hello_world/build/freertos\libfreertos.a(timers.o)
                                 0x24 (size before relaxing)
 .literal.prvProcessReceivedCommands
                0x40080a58        0x8 C:/msys32/home/Ganesh/esp/hello_world/build/freertos\libfreertos.a(timers.o)
                                 0x40 (size before relaxing)
 .literal.prvTimerTask
                0x40080a60        0x0 C:/msys32/home/Ganesh/esp/hello_world/build/freertos\libfreertos.a(timers.o)
                                  0xc (size before relaxing)
 .literal.get_prev_free_block
                0x40080a60       0x10 C:/msys32/home/Ganesh/esp/hello_world/build/heap\libheap.a(multi_heap.o)
                                 0x28 (size before relaxing)
 .literal.split_if_necessary
                0x40080a70       0x10 C:/msys32/home/Ganesh/esp/hello_world/build/heap\libheap.a(multi_heap.o)
                                 0x50 (size before relaxing)
 .literal.assert_valid_block
                0x40080a80        0x0 C:/msys32/home/Ganesh/esp/hello_world/build/heap\libheap.a(multi_heap.o)
                                 0x2c (size before relaxing)
 .literal.merge_adjacent
                0x40080a80        0x8 C:/msys32/home/Ganesh/esp/hello_world/build/heap\libheap.a(multi_heap.o)
                                 0x4c (size before relaxing)
 .literal.multi_heap_get_allocated_size_impl
                0x40080a88        0x0 C:/msys32/home/Ganesh/esp/hello_world/build/heap\libheap.a(multi_heap.o)
                                 0x10 (size before relaxing)
 .literal.multi_heap_malloc_impl
                0x40080a88        0x0 C:/msys32/home/Ganesh/esp/hello_world/build/heap\libheap.a(multi_heap.o)
                                 0x28 (size before relaxing)
 .literal.multi_heap_free_impl
                0x40080a88        0x0 C:/msys32/home/Ganesh/esp/hello_world/build/heap\libheap.a(multi_heap.o)
                                 0x50 (size before relaxing)
 .literal.multi_heap_realloc_impl
                0x40080a88        0x8 C:/msys32/home/Ganesh/esp/hello_world/build/heap\libheap.a(multi_heap.o)
                                 0x68 (size before relaxing)
 .literal.panicPutChar
                0x40080a90        0x4 C:/msys32/home/Ganesh/esp/hello_world/build/esp32\libesp32.a(panic.o)
                                  0x8 (size before relaxing)
 .literal.panicPutStr
                0x40080a94        0x0 C:/msys32/home/Ganesh/esp/hello_world/build/esp32\libesp32.a(panic.o)
                                  0x4 (size before relaxing)
 .literal.panicPutHex
                0x40080a94        0x0 C:/msys32/home/Ganesh/esp/hello_world/build/esp32\libesp32.a(panic.o)
                                  0x8 (size before relaxing)
 .literal.panicPutDec
                0x40080a94        0x4 C:/msys32/home/Ganesh/esp/hello_world/build/esp32\libesp32.a(panic.o)
                                 0x10 (size before relaxing)
 .literal.illegal_instruction_helper
                0x40080a98       0x18 C:/msys32/home/Ganesh/esp/hello_world/build/esp32\libesp32.a(panic.o)
                                 0x3c (size before relaxing)
 .literal.reconfigureAllWdts
                0x40080ab0        0xc C:/msys32/home/Ganesh/esp/hello_world/build/esp32\libesp32.a(panic.o)
                                 0x24 (size before relaxing)
 .literal.putEntry
                0x40080abc        0xc C:/msys32/home/Ganesh/esp/hello_world/build/esp32\libesp32.a(panic.o)
                                 0x20 (size before relaxing)
 .literal.doBacktrace
                0x40080ac8       0x10 C:/msys32/home/Ganesh/esp/hello_world/build/esp32\libesp32.a(panic.o)
                                 0x24 (size before relaxing)
 .literal.invoke_abort
                0x40080ad8        0x4 C:/msys32/home/Ganesh/esp/hello_world/build/esp32\libesp32.a(panic.o)
                                  0x8 (size before relaxing)
 .literal.haltOtherCore
                0x40080adc        0x0 C:/msys32/home/Ganesh/esp/hello_world/build/esp32\libesp32.a(panic.o)
                                  0x4 (size before relaxing)
 .literal.commonErrorHandler_dump
                0x40080adc       0x2c C:/msys32/home/Ganesh/esp/hello_world/build/esp32\libesp32.a(panic.o)
                                 0x90 (size before relaxing)
 .literal.esp_panic_dig_reset
                0x40080b08        0x0 C:/msys32/home/Ganesh/esp/hello_world/build/esp32\libesp32.a(panic.o)
                                 0x18 (size before relaxing)
 .literal.commonErrorHandler
                0x40080b08        0x8 C:/msys32/home/Ganesh/esp/hello_world/build/esp32\libesp32.a(panic.o)
                                 0x4c (size before relaxing)
 .literal.esp_error_check_failed_print
                0x40080b10       0x14 C:/msys32/home/Ganesh/esp/hello_world/build/esp32\libesp32.a(panic.o)
                                 0x2c (size before relaxing)
 .literal.abort
                0x40080b24        0x8 C:/msys32/home/Ganesh/esp/hello_world/build/esp32\libesp32.a(panic.o)
                                 0x18 (size before relaxing)
 .literal.vApplicationStackOverflowHook
                0x40080b2c        0x8 C:/msys32/home/Ganesh/esp/hello_world/build/esp32\libesp32.a(panic.o)
                                 0x18 (size before relaxing)
 .literal.panicHandler
                0x40080b34       0x34 C:/msys32/home/Ganesh/esp/hello_world/build/esp32\libesp32.a(panic.o)
                                 0xa8 (size before relaxing)
 .literal.xt_unhandled_exception
                0x40080b68       0x18 C:/msys32/home/Ganesh/esp/hello_world/build/esp32\libesp32.a(panic.o)
                                 0x68 (size before relaxing)
 .literal._esp_error_check_failed
                0x40080b80        0x4 C:/msys32/home/Ganesh/esp/hello_world/build/esp32\libesp32.a(panic.o)
                                  0xc (size before relaxing)
 .literal.rtc_clk_32k_enable_common
                0x40080b84       0x14 C:/msys32/home/Ganesh/esp/hello_world/build/soc\libsoc.a(rtc_clk.o)
 .literal.rtc_clk_bbpll_disable
                0x40080b98        0xc C:/msys32/home/Ganesh/esp/hello_world/build/soc\libsoc.a(rtc_clk.o)
                                 0x10 (size before relaxing)
 .literal.rtc_clk_bbpll_enable
                0x40080ba4        0x8 C:/msys32/home/Ganesh/esp/hello_world/build/soc\libsoc.a(rtc_clk.o)
                                 0x1c (size before relaxing)
 .literal.rtc_clk_32k_enable
                0x40080bac        0x4 C:/msys32/home/Ganesh/esp/hello_world/build/soc\libsoc.a(rtc_clk.o)
                                  0xc (size before relaxing)
 .literal.rtc_clk_32k_enable_external
                0x40080bb0        0x0 C:/msys32/home/Ganesh/esp/hello_world/build/soc\libsoc.a(rtc_clk.o)
                                  0x4 (size before relaxing)
 .literal.rtc_clk_8m_enable
                0x40080bb0        0xc C:/msys32/home/Ganesh/esp/hello_world/build/soc\libsoc.a(rtc_clk.o)
                                 0x10 (size before relaxing)
 .literal.rtc_clk_slow_freq_set
                0x40080bbc        0x0 C:/msys32/home/Ganesh/esp/hello_world/build/soc\libsoc.a(rtc_clk.o)
                                  0xc (size before relaxing)
 .literal.rtc_clk_slow_freq_get
                0x40080bbc        0x0 C:/msys32/home/Ganesh/esp/hello_world/build/soc\libsoc.a(rtc_clk.o)
                                  0x4 (size before relaxing)
 .literal.rtc_clk_slow_freq_get_hz
                0x40080bbc        0xc C:/msys32/home/Ganesh/esp/hello_world/build/soc\libsoc.a(rtc_clk.o)
                                 0x10 (size before relaxing)
 .literal.rtc_clk_fast_freq_set
                0x40080bc8        0x4 C:/msys32/home/Ganesh/esp/hello_world/build/soc\libsoc.a(rtc_clk.o)
                                  0xc (size before relaxing)
 .literal.rtc_clk_bbpll_configure
                0x40080bcc        0xc C:/msys32/home/Ganesh/esp/hello_world/build/soc\libsoc.a(rtc_clk.o)
                                 0x3c (size before relaxing)
 .literal.rtc_clk_xtal_freq_get
                0x40080bd8        0x8 C:/msys32/home/Ganesh/esp/hello_world/build/soc\libsoc.a(rtc_clk.o)
 .literal.rtc_clk_cpu_freq_mhz_to_config
                0x40080be0        0x0 C:/msys32/home/Ganesh/esp/hello_world/build/soc\libsoc.a(rtc_clk.o)
                                  0x4 (size before relaxing)
 .literal.rtc_clk_cpu_freq_get_config
                0x40080be0       0x10 C:/msys32/home/Ganesh/esp/hello_world/build/soc\libsoc.a(rtc_clk.o)
                                 0x34 (size before relaxing)
 .literal.rtc_clk_apb_freq_update
                0x40080bf0        0x4 C:/msys32/home/Ganesh/esp/hello_world/build/soc\libsoc.a(rtc_clk.o)
 .literal.rtc_clk_cpu_freq_to_xtal
                0x40080bf4        0xc C:/msys32/home/Ganesh/esp/hello_world/build/soc\libsoc.a(rtc_clk.o)
                                 0x30 (size before relaxing)
 .literal.rtc_clk_cpu_freq_set_xtal
                0x40080c00        0x0 C:/msys32/home/Ganesh/esp/hello_world/build/soc\libsoc.a(rtc_clk.o)
                                 0x10 (size before relaxing)
 .literal.rtc_clk_cpu_freq_to_pll_mhz
                0x40080c00        0xc C:/msys32/home/Ganesh/esp/hello_world/build/soc\libsoc.a(rtc_clk.o)
                                 0x3c (size before relaxing)
 .literal.rtc_clk_cpu_freq_to_8m
                0x40080c0c        0x4 C:/msys32/home/Ganesh/esp/hello_world/build/soc\libsoc.a(rtc_clk.o)
                                 0x28 (size before relaxing)
 .literal.rtc_clk_cpu_freq_set_config
                0x40080c10        0x0 C:/msys32/home/Ganesh/esp/hello_world/build/soc\libsoc.a(rtc_clk.o)
                                 0x30 (size before relaxing)
 .literal.rtc_clk_apb_freq_get
                0x40080c10        0x4 C:/msys32/home/Ganesh/esp/hello_world/build/soc\libsoc.a(rtc_clk.o)
                                 0x10 (size before relaxing)
 .literal.rtc_clk_cal_internal
                0x40080c14       0x30 C:/msys32/home/Ganesh/esp/hello_world/build/soc\libsoc.a(rtc_time.o)
                                 0x68 (size before relaxing)
 .literal.rtc_clk_cal
                0x40080c44        0x0 C:/msys32/home/Ganesh/esp/hello_world/build/soc\libsoc.a(rtc_time.o)
                                  0xc (size before relaxing)
 .literal.rtc_time_get
                0x40080c44       0x10 C:/msys32/home/Ganesh/esp/hello_world/build/soc\libsoc.a(rtc_time.o)
                                 0x18 (size before relaxing)
 .literal.rtc_clk_wait_for_slow_cycle
                0x40080c54        0x8 C:/msys32/home/Ganesh/esp/hello_world/build/soc\libsoc.a(rtc_time.o)
                                 0x20 (size before relaxing)
 .literal.rtc_init
                0x40080c5c       0x74 C:/msys32/home/Ganesh/esp/hello_world/build/soc\libsoc.a(rtc_init.o)
                                 0xdc (size before relaxing)
 .literal.rtc_wdt_get_protect_status
                0x40080cd0        0x8 C:/msys32/home/Ganesh/esp/hello_world/build/soc\libsoc.a(rtc_wdt.o)
 .literal.rtc_wdt_protect_off
                0x40080cd8        0x0 C:/msys32/home/Ganesh/esp/hello_world/build/soc\libsoc.a(rtc_wdt.o)
                                  0x8 (size before relaxing)
 .literal.rtc_wdt_protect_on
                0x40080cd8        0x0 C:/msys32/home/Ganesh/esp/hello_world/build/soc\libsoc.a(rtc_wdt.o)
                                  0x4 (size before relaxing)
 .literal.rtc_wdt_enable
                0x40080cd8        0xc C:/msys32/home/Ganesh/esp/hello_world/build/soc\libsoc.a(rtc_wdt.o)
                                 0x10 (size before relaxing)
 .literal.rtc_wdt_flashboot_mode_enable
                0x40080ce4        0x0 C:/msys32/home/Ganesh/esp/hello_world/build/soc\libsoc.a(rtc_wdt.o)
                                  0x4 (size before relaxing)
 .literal.rtc_wdt_feed
                0x40080ce4        0x0 C:/msys32/home/Ganesh/esp/hello_world/build/soc\libsoc.a(rtc_wdt.o)
                                 0x14 (size before relaxing)
 .literal.rtc_wdt_set_time
                0x40080ce4       0x14 C:/msys32/home/Ganesh/esp/hello_world/build/soc\libsoc.a(rtc_wdt.o)
                                 0x20 (size before relaxing)
 .literal.rtc_wdt_set_stage
                0x40080cf8        0x8 C:/msys32/home/Ganesh/esp/hello_world/build/soc\libsoc.a(rtc_wdt.o)
                                 0x14 (size before relaxing)
 .literal.rtc_wdt_disable
                0x40080d00        0x0 C:/msys32/home/Ganesh/esp/hello_world/build/soc\libsoc.a(rtc_wdt.o)
                                 0x2c (size before relaxing)
 .literal.rtc_wdt_set_length_of_reset_signal
                0x40080d00        0x4 C:/msys32/home/Ganesh/esp/hello_world/build/soc\libsoc.a(rtc_wdt.o)
                                  0xc (size before relaxing)
 .literal.rtc_wdt_is_on
                0x40080d04        0x0 C:/msys32/home/Ganesh/esp/hello_world/build/soc\libsoc.a(rtc_wdt.o)
                                  0x4 (size before relaxing)
 .literal       0x40080d04        0x0 C:/msys32/home/Ganesh/esp/esp-idf/components/esp32/libhal.a(windowspill_asm.o)
                                  0x4 (size before relaxing)
 .literal.esp_rom_spiflash_read_status
                0x40080d04       0x10 C:/msys32/home/Ganesh/esp/hello_world/build/spi_flash\libspi_flash.a(spi_flash_rom_patch.o)
                                 0x14 (size before relaxing)
 .literal.esp_rom_spiflash_wait_idle
                0x40080d14        0x8 C:/msys32/home/Ganesh/esp/hello_world/build/spi_flash\libspi_flash.a(spi_flash_rom_patch.o)
                                  0xc (size before relaxing)
 .literal.esp_rom_spiflash_erase_block_internal
                0x40080d1c        0x4 C:/msys32/home/Ganesh/esp/hello_world/build/spi_flash\libspi_flash.a(spi_flash_rom_patch.o)
                                 0x18 (size before relaxing)
 .literal.esp_rom_spiflash_erase_sector_internal
                0x40080d20        0x0 C:/msys32/home/Ganesh/esp/hello_world/build/spi_flash\libspi_flash.a(spi_flash_rom_patch.o)
                                 0x18 (size before relaxing)
 .literal.esp_rom_spiflash_read_data
                0x40080d20       0x1c C:/msys32/home/Ganesh/esp/hello_world/build/spi_flash\libspi_flash.a(spi_flash_rom_patch.o)
                                 0x34 (size before relaxing)
 .literal.esp_rom_spiflash_enable_write
                0x40080d3c        0x0 C:/msys32/home/Ganesh/esp/hello_world/build/spi_flash\libspi_flash.a(spi_flash_rom_patch.o)
                                 0x10 (size before relaxing)
 .literal.esp_rom_spiflash_program_page_internal
                0x40080d3c       0x10 C:/msys32/home/Ganesh/esp/hello_world/build/spi_flash\libspi_flash.a(spi_flash_rom_patch.o)
                                 0x40 (size before relaxing)
 .literal.esp_rom_spiflash_read_statushigh
                0x40080d4c        0x4 C:/msys32/home/Ganesh/esp/hello_world/build/spi_flash\libspi_flash.a(spi_flash_rom_patch.o)
                                  0xc (size before relaxing)
 .literal.esp_rom_spiflash_write_status
                0x40080d50        0x4 C:/msys32/home/Ganesh/esp/hello_world/build/spi_flash\libspi_flash.a(spi_flash_rom_patch.o)
                                 0x14 (size before relaxing)
 .literal.esp_rom_spiflash_unlock
                0x40080d54        0x8 C:/msys32/home/Ganesh/esp/hello_world/build/spi_flash\libspi_flash.a(spi_flash_rom_patch.o)
                                 0x28 (size before relaxing)
 .literal.esp_rom_spiflash_erase_block
                0x40080d5c        0xc C:/msys32/home/Ganesh/esp/hello_world/build/spi_flash\libspi_flash.a(spi_flash_rom_patch.o)
                                 0x20 (size before relaxing)
 .literal.esp_rom_spiflash_erase_sector
                0x40080d68        0x0 C:/msys32/home/Ganesh/esp/hello_world/build/spi_flash\libspi_flash.a(spi_flash_rom_patch.o)
                                 0x20 (size before relaxing)
 .literal.esp_rom_spiflash_write
                0x40080d68        0x0 C:/msys32/home/Ganesh/esp/hello_world/build/spi_flash\libspi_flash.a(spi_flash_rom_patch.o)
                                 0x28 (size before relaxing)
 .literal.esp_rom_spiflash_write_encrypted
                0x40080d68        0xc C:/msys32/home/Ganesh/esp/hello_world/build/spi_flash\libspi_flash.a(spi_flash_rom_patch.o)
                                 0x10 (size before relaxing)
 .literal.esp_rom_spiflash_read
                0x40080d74       0x30 C:/msys32/home/Ganesh/esp/hello_world/build/spi_flash\libspi_flash.a(spi_flash_rom_patch.o)
                                 0x5c (size before relaxing)
 .iram1         0x40080da4      0x28e C:/msys32/home/Ganesh/esp/hello_world/build/esp32\libesp32.a(cpu_start.o)
                                0x346 (size before relaxing)
                0x40080da4                start_cpu0_default
                0x40080da4                start_cpu0
                0x40080e70                start_cpu1
                0x40080e70                start_cpu1_default
                0x40080ef0                call_start_cpu0
 *fill*         0x40081032        0x2 
 .iram1         0x40081034       0x5c C:/msys32/home/Ganesh/esp/hello_world/build/esp32\libesp32.a(reset_reason.o)
                                 0x60 (size before relaxing)
                0x40081034                esp_reset_reason_set_hint
                0x40081064                esp_reset_reason_get_hint
 .iram1         0x40081090       0xda C:/msys32/home/Ganesh/esp/hello_world/build/esp32\libesp32.a(dport_panic_highint_hdl.o)
                0x40081090                xt_highint4
                0x4008116a                ld_include_panic_highint_hdl
 *fill*         0x4008116a        0x2 
 .iram1         0x4008116c       0x53 C:/msys32/home/Ganesh/esp/hello_world/build/esp32\libesp32.a(int_wdt.o)
 *fill*         0x400811bf        0x1 
 .iram1         0x400811c0      0x195 C:/msys32/home/Ganesh/esp/hello_world/build/esp32\libesp32.a(system_api.o)
                                0x1e0 (size before relaxing)
                0x400811c0                esp_restart_noos
                0x40081334                system_restart
                0x40081334                esp_restart
 *fill*         0x40081355        0x3 
 .iram1         0x40081358      0x1e3 C:/msys32/home/Ganesh/esp/hello_world/build/esp32\libesp32.a(dport_access.o)
                                0x1ef (size before relaxing)
                0x40081358                esp_dport_access_stall_other_cpu_start
                0x40081408                esp_dport_access_stall_other_cpu_end
                0x40081484                esp_dport_access_stall_other_cpu_start_wrap
                0x4008148c                esp_dport_access_stall_other_cpu_end_wrap
                0x40081494                esp_dport_access_int_pause
                0x400814b8                esp_dport_access_int_abort
                0x400814cc                esp_dport_access_int_resume
                0x400814f0                esp_dport_access_reg_read
                0x40081508                esp_dport_access_sequence_reg_read
                0x40081514                esp_dport_access_read_buffer
 *fill*         0x4008153b        0x1 
 .iram1         0x4008153c      0x203 C:/msys32/home/Ganesh/esp/hello_world/build/esp32\libesp32.a(esp_timer.o)
                                0x21b (size before relaxing)
                0x40081658                esp_timer_stop
                0x4008167c                esp_timer_get_next_alarm
                0x4008169c                esp_timer_get_time
                0x400816ac                esp_timer_start_once
                0x400816f0                esp_timer_start_periodic
 *fill*         0x4008173f        0x1 
 .iram1         0x40081740      0x2b6 C:/msys32/home/Ganesh/esp/hello_world/build/esp32\libesp32.a(intr_alloc.o)
                                0x2ce (size before relaxing)
                0x4008177c                esp_intr_set_in_iram
                0x40081804                esp_intr_enable
                0x4008188c                esp_intr_disable
                0x40081954                esp_intr_noniram_disable
                0x400819a0                esp_intr_noniram_enable
                0x400819e0                ets_isr_unmask
                0x400819ec                ets_isr_mask
 *fill*         0x400819f6        0x2 
 .iram1         0x400819f8       0x7f C:/msys32/home/Ganesh/esp/hello_world/build/esp32\libesp32.a(ipc.o)
                                 0x8b (size before relaxing)
 *fill*         0x40081a77        0x1 
 .iram1         0x40081a78       0x2c C:/msys32/home/Ganesh/esp/hello_world/build/esp32\libesp32.a(cache_err_int.o)
                                 0x34 (size before relaxing)
                0x40081a78                esp_cache_err_get_cpuid
 .iram1         0x40081aa4       0x27 C:/msys32/home/Ganesh/esp/hello_world/build/esp32\libesp32.a(freertos_hooks.o)
                0x40081aa4                esp_vApplicationTickHook
 *fill*         0x40081acb        0x1 
 .iram1         0x40081acc       0x47 C:/msys32/home/Ganesh/esp/hello_world/build/esp32\libesp32.a(clk.o)
                                 0x4b (size before relaxing)
                0x40081acc                esp_clk_cpu_freq
                0x40081adc                esp_clk_apb_freq
                0x40081af4                esp_clk_xtal_freq
                0x40081b04                ets_update_cpu_frequency
 *fill*         0x40081b13        0x1 
 .iram1         0x40081b14      0x4af C:/msys32/home/Ganesh/esp/hello_world/build/esp32\libesp32.a(esp_timer_esp32.o)
                                0x4bb (size before relaxing)
                0x40081c38                esp_timer_impl_get_time
                0x40081da8                esp_timer_impl_set_alarm
                0x40081ef0                esp_timer_impl_update_apb_freq
                0x40081fb8                esp_timer_impl_get_min_period_us
 *fill*         0x40081fc3        0x1 
 .iram1         0x40081fc4       0xb0 C:/msys32/home/Ganesh/esp/hello_world/build/esp32\libesp32.a(crosscore_int.o)
                                 0xc0 (size before relaxing)
                0x4008205c                esp_crosscore_int_send_yield
                0x40082068                esp_crosscore_int_send_freq_switch
 .iram1         0x40082074       0x1a C:/msys32/home/Ganesh/esp/hello_world/build/freertos\libfreertos.a(port.o)
                0x40082074                xPortInterruptedFromISRContext
 *fill*         0x4008208e        0x2 
 .iram1         0x40082090      0x4f8 C:/msys32/home/Ganesh/esp/hello_world/build/freertos\libfreertos.a(xtensa_vectors.o)
                0x40082090                _xt_panic
                0x400821b0                _xt_user_exit
                0x400824c4                _xt_medint2_exit
                0x40082574                _xt_medint3_exit
 .iram1         0x40082588      0x3f1 C:/msys32/home/Ganesh/esp/hello_world/build/heap\libheap.a(heap_caps.o)
                                0x40d (size before relaxing)
                0x40082618                heap_caps_malloc
                0x400826b8                heap_caps_malloc_default
                0x400826fc                heap_caps_malloc_prefer
                0x40082754                heap_caps_free
                0x4008278c                heap_caps_realloc
                0x40082838                heap_caps_realloc_default
                0x40082890                heap_caps_realloc_prefer
                0x400828f4                heap_caps_calloc
                0x40082924                heap_caps_calloc_prefer
 *fill*         0x40082979        0x3 
 .iram1         0x4008297c      0x18a C:/msys32/home/Ganesh/esp/hello_world/build/log\liblog.a(log.o)
                                0x19a (size before relaxing)
                0x4008297c                esp_log_write
                0x40082aac                esp_log_early_timestamp
                0x40082ac8                esp_log_timestamp
 *fill*         0x40082b06        0x2 
 .iram1         0x40082b08      0x1cc C:/msys32/home/Ganesh/esp/hello_world/build/newlib\libnewlib.a(locks.o)
                                0x210 (size before relaxing)
                0x40082c20                _lock_init
                0x40082c30                _lock_init_recursive
                0x40082c40                _lock_close
                0x40082c40                _lock_close_recursive
                0x40082c7c                _lock_acquire
                0x40082c8c                _lock_acquire_recursive
                0x40082c9c                _lock_try_acquire
                0x40082cac                _lock_try_acquire_recursive
                0x40082cbc                _lock_release
                0x40082cc8                _lock_release_recursive
 .iram1         0x40082cd4       0x5a C:/msys32/home/Ganesh/esp/hello_world/build/newlib\libnewlib.a(syscalls.o)
                                 0x62 (size before relaxing)
                0x40082cd4                _malloc_r
                0x40082ce0                _free_r
                0x40082cec                _realloc_r
                0x40082d00                _calloc_r
 *fill*         0x40082d2e        0x2 
 .iram1         0x40082d30       0x3c C:/msys32/home/Ganesh/esp/hello_world/build/newlib\libnewlib.a(reent_init.o)
                0x40082d30                esp_reent_init
 .iram1         0x40082d6c       0x70 C:/msys32/home/Ganesh/esp/hello_world/build/newlib\libnewlib.a(time.o)
                                 0x74 (size before relaxing)
                0x40082d6c                _gettimeofday_r
                0x40082db4                _times_r
 .iram1         0x40082ddc      0x11a C:/msys32/home/Ganesh/esp/hello_world/build/soc\libsoc.a(cpu_util.o)
                0x40082ddc                esp_cpu_stall
                0x40082e70                esp_cpu_unstall
                0x40082ec4                esp_cpu_reset
                0x40082ee8                esp_cpu_in_ocd_debug_mode
 *fill*         0x40082ef6        0x2 
 .iram1         0x40082ef8      0x722 C:/msys32/home/Ganesh/esp/hello_world/build/spi_flash\libspi_flash.a(flash_ops.o)
                                0x74a (size before relaxing)
                0x40082f68                spi_flash_guard_set
                0x40082f74                spi_flash_guard_get
                0x40082f80                spi_flash_get_chip_size
                0x40082f8c                spi_flash_erase_range
                0x40083044                spi_flash_erase_sector
                0x40083068                spi_flash_write
                0x40083230                spi_flash_read
                0x400834c8                spi_flash_read_encrypted
                0x40083510                spi_flash_write_encrypted
 *fill*         0x4008361a        0x2 
 .iram1         0x4008361c      0x2f4 C:/msys32/home/Ganesh/esp/hello_world/build/spi_flash\libspi_flash.a(cache_utils.o)
                                0x340 (size before relaxing)
                0x40083680                spi_flash_op_block_func
                0x4008372c                spi_flash_disable_interrupts_caches_and_other_cpu
                0x4008380c                spi_flash_enable_interrupts_caches_and_other_cpu
                0x400838a4                spi_flash_disable_interrupts_caches_and_other_cpu_no_os
                0x400838d0                spi_flash_enable_interrupts_caches_no_os
                0x400838ec                spi_flash_cache_enabled
 .iram1         0x40083910      0x5c3 C:/msys32/home/Ganesh/esp/hello_world/build/spi_flash\libspi_flash.a(flash_mmap.o)
                                0x60f (size before relaxing)
                0x40083a64                spi_flash_mmap_pages
                0x40083ca8                spi_flash_mmap
                0x40083d1c                spi_flash_munmap
                0x40083dc0                spi_flash_mmap_get_free_pages
                0x40083e14                spi_flash_mark_modified_region
                0x40083e60                spi_flash_phys2cache
 *fill*         0x40083ed3        0x1 
 .iram1         0x40083ed4       0x20 C:/msys32/home/Ganesh/esp/hello_world/build/esp32\libesp32.a(dbg_stubs.o)
 *fill*         0x40083ef4        0x0 
 *fill*         0x40083ef4        0x0 
 *fill*         0x40083ef4        0x0 
 *fill*         0x40083ef4        0x0 
 *fill*         0x40083ef4        0x0 
 *fill*         0x40083ef4        0x0 
 *fill*         0x40083ef4        0x0 
 *fill*         0x40083ef4        0x0 
 *fill*         0x40083ef4        0x0 
 *fill*         0x40083ef4        0x0 
 .iram1         0x40083ef4       0x2e C:/msys32/home/Ganesh/esp/hello_world/build/freertos\libfreertos.a(xtensa_vector_defaults.o)
                0x40083ef4                xt_debugexception
                0x40083f14                xt_highint5
                0x40083f1c                xt_nmi
                0x40083f1c                _xt_nmi
 *fill*         0x40083f22        0x0 
 *fill*         0x40083f22        0x0 
 *fill*         0x40083f22        0x0 
 *fill*         0x40083f22        0x0 
 *fill*         0x40083f22        0x0 
 *fill*         0x40083f22        0x0 
 *libesp_ringbuf.a:(.literal .text .literal.* .text.*)
 *fill*         0x40083f22        0x2 
 .text.prvGetFreeSize
                0x40083f24       0x3c C:/msys32/home/Ganesh/esp/hello_world/build/esp_ringbuf\libesp_ringbuf.a(ringbuf.o)
                                 0x40 (size before relaxing)
 .text.prvReceiveGeneric
                0x40083f60      0x128 C:/msys32/home/Ganesh/esp/hello_world/build/esp_ringbuf\libesp_ringbuf.a(ringbuf.o)
                                0x13c (size before relaxing)
 .text.xRingbufferSend
                0x40084088       0xfd C:/msys32/home/Ganesh/esp/hello_world/build/esp_ringbuf\libesp_ringbuf.a(ringbuf.o)
                                0x111 (size before relaxing)
                0x40084088                xRingbufferSend
 *fill*         0x40084185        0x3 
 .text.xRingbufferReceive
                0x40084188       0x45 C:/msys32/home/Ganesh/esp/hello_world/build/esp_ringbuf\libesp_ringbuf.a(ringbuf.o)
                0x40084188                xRingbufferReceive
 *fill*         0x400841cd        0x3 
 .text.vRingbufferReturnItem
                0x400841d0       0x5a C:/msys32/home/Ganesh/esp/hello_world/build/esp_ringbuf\libesp_ringbuf.a(ringbuf.o)
                                 0x66 (size before relaxing)
                0x400841d0                vRingbufferReturnItem
 *fill*         0x4008422a        0x2 
 .text.prvCheckItemAvail
                0x4008422c       0x34 C:/msys32/home/Ganesh/esp/hello_world/build/esp_ringbuf\libesp_ringbuf.a(ringbuf.o)
 *fill*         0x40084260        0x0 
 *fill*         0x40084260        0x0 
 *libfreertos.a:(.literal .text .literal.* .text.*)
 .text.prvResetNextTaskUnblockTime
                0x40084260       0x34 C:/msys32/home/Ganesh/esp/hello_world/build/freertos\libfreertos.a(tasks.o)
 .text.prvDeleteTLS
                0x40084294       0x40 C:/msys32/home/Ganesh/esp/hello_world/build/freertos\libfreertos.a(tasks.o)
 .text.prvInitialiseNewTask
                0x400842d4       0xc4 C:/msys32/home/Ganesh/esp/hello_world/build/freertos\libfreertos.a(tasks.o)
                                 0xd0 (size before relaxing)
 .text.prvInitialiseTaskLists
                0x40084398       0x5a C:/msys32/home/Ganesh/esp/hello_world/build/freertos\libfreertos.a(tasks.o)
                                 0x6e (size before relaxing)
 *fill*         0x400843f2        0x2 
 .text.prvDeleteTCB
                0x400843f4       0x56 C:/msys32/home/Ganesh/esp/hello_world/build/freertos\libfreertos.a(tasks.o)
                                 0x5d (size before relaxing)
 *fill*         0x4008444a        0x2 
 .text.prvAddCurrentTaskToDelayedList
                0x4008444c       0x66 C:/msys32/home/Ganesh/esp/hello_world/build/freertos\libfreertos.a(tasks.o)
                                 0x6a (size before relaxing)
 *fill*         0x400844b2        0x2 
 .text.taskYIELD_OTHER_CORE
                0x400844b4       0x53 C:/msys32/home/Ganesh/esp/hello_world/build/freertos\libfreertos.a(tasks.o)
                0x400844b4                taskYIELD_OTHER_CORE
 *fill*         0x40084507        0x1 
 .text.vTaskSuspendAll
                0x40084508       0x26 C:/msys32/home/Ganesh/esp/hello_world/build/freertos\libfreertos.a(tasks.o)
                0x40084508                vTaskSuspendAll
 *fill*         0x4008452e        0x2 
 .text.xTaskGetTickCount
                0x40084530        0xd C:/msys32/home/Ganesh/esp/hello_world/build/freertos\libfreertos.a(tasks.o)
                0x40084530                xTaskGetTickCount
 *fill*         0x4008453d        0x3 
 .text.xTaskGetIdleTaskHandleForCPU
                0x40084540       0x2a C:/msys32/home/Ganesh/esp/hello_world/build/freertos\libfreertos.a(tasks.o)
                                 0x2e (size before relaxing)
                0x40084540                xTaskGetIdleTaskHandleForCPU
 *fill*         0x4008456a        0x2 
 .text.vTaskSwitchContext
                0x4008456c      0x2a2 C:/msys32/home/Ganesh/esp/hello_world/build/freertos\libfreertos.a(tasks.o)
                                0x2ae (size before relaxing)
                0x4008456c                vTaskSwitchContext
 *fill*         0x4008480e        0x2 
 .text.vTaskSetTimeOutState
                0x40084810       0x34 C:/msys32/home/Ganesh/esp/hello_world/build/freertos\libfreertos.a(tasks.o)
                0x40084810                vTaskSetTimeOutState
 .text.xTaskGetCurrentTaskHandle
                0x40084844       0x1f C:/msys32/home/Ganesh/esp/hello_world/build/freertos\libfreertos.a(tasks.o)
                0x40084844                xTaskGetCurrentTaskHandle
 *fill*         0x40084863        0x1 
 .text.__getreent
                0x40084864       0x19 C:/msys32/home/Ganesh/esp/hello_world/build/freertos\libfreertos.a(tasks.o)
                0x40084864                __getreent
 *fill*         0x4008487d        0x3 
 .text.pcTaskGetTaskName
                0x40084880       0x2a C:/msys32/home/Ganesh/esp/hello_world/build/freertos\libfreertos.a(tasks.o)
                                 0x2d (size before relaxing)
                0x40084880                pcTaskGetTaskName
 *fill*         0x400848aa        0x2 
 .text.xTaskGetAffinity
                0x400848ac       0x10 C:/msys32/home/Ganesh/esp/hello_world/build/freertos\libfreertos.a(tasks.o)
                                 0x13 (size before relaxing)
                0x400848ac                xTaskGetAffinity
 *fill*         0x400848bc        0x0 
 .text.xTaskGetCurrentTaskHandleForCPU
                0x400848bc       0x17 C:/msys32/home/Ganesh/esp/hello_world/build/freertos\libfreertos.a(tasks.o)
                0x400848bc                xTaskGetCurrentTaskHandleForCPU
 *fill*         0x400848d3        0x1 
 .text.xTaskGetSchedulerState
                0x400848d4       0x37 C:/msys32/home/Ganesh/esp/hello_world/build/freertos\libfreertos.a(tasks.o)
                0x400848d4                xTaskGetSchedulerState
 *fill*         0x4008490b        0x1 
 .text.vTaskEnterCritical
                0x4008490c       0xac C:/msys32/home/Ganesh/esp/hello_world/build/freertos\libfreertos.a(tasks.o)
                                 0xb3 (size before relaxing)
                0x4008490c                vTaskEnterCritical
 *fill*         0x400849b8        0x0 
 .text.vTaskExitCritical
                0x400849b8       0x77 C:/msys32/home/Ganesh/esp/hello_world/build/freertos\libfreertos.a(tasks.o)
                0x400849b8                vTaskExitCritical
 *fill*         0x40084a2f        0x1 
 .text.prvAddNewTaskToReadyList
                0x40084a30      0x160 C:/msys32/home/Ganesh/esp/hello_world/build/freertos\libfreertos.a(tasks.o)
                                0x173 (size before relaxing)
 *fill*         0x40084b90        0x0 
 .text.xTaskCreatePinnedToCore
                0x40084b90       0x6e C:/msys32/home/Ganesh/esp/hello_world/build/freertos\libfreertos.a(tasks.o)
                                 0x76 (size before relaxing)
                0x40084b90                xTaskCreatePinnedToCore
 *fill*         0x40084bfe        0x2 
 .text.vTaskStartScheduler
                0x40084c00       0x77 C:/msys32/home/Ganesh/esp/hello_world/build/freertos\libfreertos.a(tasks.o)
                                 0x82 (size before relaxing)
                0x40084c00                vTaskStartScheduler
 *fill*         0x40084c77        0x1 
 .text.vTaskDelete
                0x40084c78      0x10a C:/msys32/home/Ganesh/esp/hello_world/build/freertos\libfreertos.a(tasks.o)
                                0x122 (size before relaxing)
                0x40084c78                vTaskDelete
 *fill*         0x40084d82        0x2 
 .text.vTaskDelay
                0x40084d84       0x74 C:/msys32/home/Ganesh/esp/hello_world/build/freertos\libfreertos.a(tasks.o)
                                 0x84 (size before relaxing)
                0x40084d84                vTaskDelay
 .text.uxTaskPriorityGet
                0x40084df8       0x1c C:/msys32/home/Ganesh/esp/hello_world/build/freertos\libfreertos.a(tasks.o)
                                 0x23 (size before relaxing)
                0x40084df8                uxTaskPriorityGet
 *fill*         0x40084e14        0x0 
 .text.vTaskPrioritySet
                0x40084e14      0x12d C:/msys32/home/Ganesh/esp/hello_world/build/freertos\libfreertos.a(tasks.o)
                                0x143 (size before relaxing)
                0x40084e14                vTaskPrioritySet
 *fill*         0x40084f41        0x3 
 .text.prvCheckTasksWaitingTermination
                0x40084f44       0xbe C:/msys32/home/Ganesh/esp/hello_world/build/freertos\libfreertos.a(tasks.o)
                                 0xc6 (size before relaxing)
 *fill*         0x40085002        0x2 
 .text.prvIdleTask
                0x40085004        0xc C:/msys32/home/Ganesh/esp/hello_world/build/freertos\libfreertos.a(tasks.o)
                                 0x12 (size before relaxing)
 *fill*         0x40085010        0x0 
 .text.xTaskIncrementTick
                0x40085010      0x1a6 C:/msys32/home/Ganesh/esp/hello_world/build/freertos\libfreertos.a(tasks.o)
                                0x1ba (size before relaxing)
                0x40085010                xTaskIncrementTick
 *fill*         0x400851b6        0x2 
 .text.xTaskResumeAll
                0x400851b8      0x17f C:/msys32/home/Ganesh/esp/hello_world/build/freertos\libfreertos.a(tasks.o)
                                0x18e (size before relaxing)
                0x400851b8                xTaskResumeAll
 *fill*         0x40085337        0x1 
 .text.vTaskPlaceOnEventList
                0x40085338       0x8f C:/msys32/home/Ganesh/esp/hello_world/build/freertos\libfreertos.a(tasks.o)
                                 0xa3 (size before relaxing)
                0x40085338                vTaskPlaceOnEventList
 *fill*         0x400853c7        0x1 
 .text.vTaskPlaceOnEventListRestricted
                0x400853c8       0x6b C:/msys32/home/Ganesh/esp/hello_world/build/freertos\libfreertos.a(tasks.o)
                                 0x7f (size before relaxing)
                0x400853c8                vTaskPlaceOnEventListRestricted
 *fill*         0x40085433        0x1 
 .text.xTaskRemoveFromEventList
                0x40085434      0x134 C:/msys32/home/Ganesh/esp/hello_world/build/freertos\libfreertos.a(tasks.o)
                                0x143 (size before relaxing)
                0x40085434                xTaskRemoveFromEventList
 *fill*         0x40085568        0x0 
 .text.xTaskCheckForTimeOut
                0x40085568       0x89 C:/msys32/home/Ganesh/esp/hello_world/build/freertos\libfreertos.a(tasks.o)
                                 0x94 (size before relaxing)
                0x40085568                xTaskCheckForTimeOut
 *fill*         0x400855f1        0x3 
 .text.vTaskPriorityInherit
                0x400855f4       0xc4 C:/msys32/home/Ganesh/esp/hello_world/build/freertos\libfreertos.a(tasks.o)
                                 0xdb (size before relaxing)
                0x400855f4                vTaskPriorityInherit
 *fill*         0x400856b8        0x0 
 .text.xTaskPriorityDisinherit
                0x400856b8       0x97 C:/msys32/home/Ganesh/esp/hello_world/build/freertos\libfreertos.a(tasks.o)
                                 0xaa (size before relaxing)
                0x400856b8                xTaskPriorityDisinherit
 *fill*         0x4008574f        0x1 
 .text.pvTaskIncrementMutexHeldCount
                0x40085750       0x50 C:/msys32/home/Ganesh/esp/hello_world/build/freertos\libfreertos.a(tasks.o)
                                 0x54 (size before relaxing)
                0x40085750                pvTaskIncrementMutexHeldCount
 .text.vPortTaskWrapper
                0x400857a0       0x26 C:/msys32/home/Ganesh/esp/hello_world/build/freertos\libfreertos.a(port.o)
                                 0x32 (size before relaxing)
 *fill*         0x400857c6        0x2 
 .text.pxPortInitialiseStack
                0x400857c8       0x8a C:/msys32/home/Ganesh/esp/hello_world/build/freertos\libfreertos.a(port.o)
                0x400857c8                pxPortInitialiseStack
 *fill*         0x40085852        0x2 
 .text.xPortStartScheduler
                0x40085854       0x22 C:/msys32/home/Ganesh/esp/hello_world/build/freertos\libfreertos.a(port.o)
                                 0x2e (size before relaxing)
                0x40085854                xPortStartScheduler
 *fill*         0x40085876        0x2 
 .text.xPortSysTickHandler
                0x40085878       0x10 C:/msys32/home/Ganesh/esp/hello_world/build/freertos\libfreertos.a(port.o)
                                 0x16 (size before relaxing)
                0x40085878                xPortSysTickHandler
 *fill*         0x40085888        0x0 
 .text.vPortYieldOtherCore
                0x40085888        0xa C:/msys32/home/Ganesh/esp/hello_world/build/freertos\libfreertos.a(port.o)
                                  0xe (size before relaxing)
                0x40085888                vPortYieldOtherCore
 *fill*         0x40085892        0x2 
 .text.vPortReleaseTaskMPUSettings
                0x40085894        0xa C:/msys32/home/Ganesh/esp/hello_world/build/freertos\libfreertos.a(port.o)
                                  0xe (size before relaxing)
                0x40085894                vPortReleaseTaskMPUSettings
 *fill*         0x4008589e        0x2 
 .text.xPortInIsrContext
                0x400858a0       0x26 C:/msys32/home/Ganesh/esp/hello_world/build/freertos\libfreertos.a(port.o)
                0x400858a0                xPortInIsrContext
 *fill*         0x400858c6        0x2 
 .text.vPortCPUInitializeMutex
                0x400858c8        0xe C:/msys32/home/Ganesh/esp/hello_world/build/freertos\libfreertos.a(port.o)
                0x400858c8                vPortCPUInitializeMutex
 *fill*         0x400858d6        0x2 
 .text.vPortCPUAcquireMutex
                0x400858d8       0x81 C:/msys32/home/Ganesh/esp/hello_world/build/freertos\libfreertos.a(port.o)
                                 0x88 (size before relaxing)
                0x400858d8                vPortCPUAcquireMutex
 *fill*         0x40085959        0x3 
 .text.vPortCPUReleaseMutex
                0x4008595c       0x4d C:/msys32/home/Ganesh/esp/hello_world/build/freertos\libfreertos.a(port.o)
                                 0x50 (size before relaxing)
                0x4008595c                vPortCPUReleaseMutex
 *fill*         0x400859a9        0x3 
 .text._xt_tick_divisor_init
                0x400859ac       0x1c C:/msys32/home/Ganesh/esp/hello_world/build/freertos\libfreertos.a(xtensa_init.o)
                                 0x1f (size before relaxing)
                0x400859ac                _xt_tick_divisor_init
 *fill*         0x400859c8        0x0 
 .text.prvIsQueueFull
                0x400859c8       0x2a C:/msys32/home/Ganesh/esp/hello_world/build/freertos\libfreertos.a(queue.o)
 *fill*         0x400859f2        0x2 
 .text.prvCopyDataToQueue
                0x400859f4       0x9e C:/msys32/home/Ganesh/esp/hello_world/build/freertos\libfreertos.a(queue.o)
 *fill*         0x40085a92        0x2 
 .text.prvNotifyQueueSetContainer
                0x40085a94       0x77 C:/msys32/home/Ganesh/esp/hello_world/build/freertos\libfreertos.a(queue.o)
                                 0x8a (size before relaxing)
 *fill*         0x40085b0b        0x1 
 .text.prvCopyDataFromQueue
                0x40085b0c       0x24 C:/msys32/home/Ganesh/esp/hello_world/build/freertos\libfreertos.a(queue.o)
 .text.xQueueGenericReset
                0x40085b30       0x86 C:/msys32/home/Ganesh/esp/hello_world/build/freertos\libfreertos.a(queue.o)
                                 0x96 (size before relaxing)
                0x40085b30                xQueueGenericReset
 *fill*         0x40085bb6        0x2 
 .text.prvInitialiseNewQueue
                0x40085bb8       0x1f C:/msys32/home/Ganesh/esp/hello_world/build/freertos\libfreertos.a(queue.o)
                                 0x23 (size before relaxing)
 *fill*         0x40085bd7        0x1 
 .text.xQueueGenericCreate
                0x40085bd8       0x49 C:/msys32/home/Ganesh/esp/hello_world/build/freertos\libfreertos.a(queue.o)
                                 0x4d (size before relaxing)
                0x40085bd8                xQueueGenericCreate
 *fill*         0x40085c21        0x3 
 .text.xQueueGetMutexHolder
                0x40085c24       0x23 C:/msys32/home/Ganesh/esp/hello_world/build/freertos\libfreertos.a(queue.o)
                0x40085c24                xQueueGetMutexHolder
 *fill*         0x40085c47        0x1 
 .text.xQueueCreateCountingSemaphore
                0x40085c48       0x66 C:/msys32/home/Ganesh/esp/hello_world/build/freertos\libfreertos.a(queue.o)
                                 0x6a (size before relaxing)
                0x40085c48                xQueueCreateCountingSemaphore
 *fill*         0x40085cae        0x2 
 .text.xQueueGenericSend
                0x40085cb0      0x158 C:/msys32/home/Ganesh/esp/hello_world/build/freertos\libfreertos.a(queue.o)
                                0x18c (size before relaxing)
                0x40085cb0                xQueueGenericSend
 .text.prvInitialiseMutex
                0x40085e08       0x22 C:/msys32/home/Ganesh/esp/hello_world/build/freertos\libfreertos.a(queue.o)
                                 0x26 (size before relaxing)
 *fill*         0x40085e2a        0x2 
 .text.xQueueCreateMutex
                0x40085e2c       0x16 C:/msys32/home/Ganesh/esp/hello_world/build/freertos\libfreertos.a(queue.o)
                                 0x1a (size before relaxing)
                0x40085e2c                xQueueCreateMutex
 *fill*         0x40085e42        0x2 
 .text.xQueueGiveMutexRecursive
                0x40085e44       0x48 C:/msys32/home/Ganesh/esp/hello_world/build/freertos\libfreertos.a(queue.o)
                                 0x4c (size before relaxing)
                0x40085e44                xQueueGiveMutexRecursive
 .text.xQueueGenericSendFromISR
                0x40085e8c       0xd6 C:/msys32/home/Ganesh/esp/hello_world/build/freertos\libfreertos.a(queue.o)
                                 0xe6 (size before relaxing)
                0x40085e8c                xQueueGenericSendFromISR
 *fill*         0x40085f62        0x2 
 .text.xQueueGiveFromISR
                0x40085f64       0xb6 C:/msys32/home/Ganesh/esp/hello_world/build/freertos\libfreertos.a(queue.o)
                                 0xc2 (size before relaxing)
                0x40085f64                xQueueGiveFromISR
 *fill*         0x4008601a        0x2 
 .text.xQueueGenericReceive
                0x4008601c      0x144 C:/msys32/home/Ganesh/esp/hello_world/build/freertos\libfreertos.a(queue.o)
                                0x178 (size before relaxing)
                0x4008601c                xQueueGenericReceive
 .text.xQueueTakeMutexRecursive
                0x40086160       0x51 C:/msys32/home/Ganesh/esp/hello_world/build/freertos\libfreertos.a(queue.o)
                0x40086160                xQueueTakeMutexRecursive
 *fill*         0x400861b1        0x3 
 .text.xQueueReceiveFromISR
                0x400861b4       0x96 C:/msys32/home/Ganesh/esp/hello_world/build/freertos\libfreertos.a(queue.o)
                                 0xa6 (size before relaxing)
                0x400861b4                xQueueReceiveFromISR
 *fill*         0x4008624a        0x2 
 .text.vQueueDelete
                0x4008624c       0x28 C:/msys32/home/Ganesh/esp/hello_world/build/freertos\libfreertos.a(queue.o)
                0x4008624c                vQueueDelete
 .text.vQueueWaitForMessageRestricted
                0x40086274       0x23 C:/msys32/home/Ganesh/esp/hello_world/build/freertos\libfreertos.a(queue.o)
                                 0x2a (size before relaxing)
                0x40086274                vQueueWaitForMessageRestricted
 *fill*         0x40086297        0x1 
 .text.xt_unhandled_interrupt
                0x40086298       0x16 C:/msys32/home/Ganesh/esp/hello_world/build/freertos\libfreertos.a(xtensa_intr.o)
                0x40086298                xt_unhandled_interrupt
 *fill*         0x400862ae        0x2 
 .text.xt_set_interrupt_handler
                0x400862b0       0x4a C:/msys32/home/Ganesh/esp/hello_world/build/freertos\libfreertos.a(xtensa_intr.o)
                0x400862b0                xt_set_interrupt_handler
 *fill*         0x400862fa        0x2 
 .text          0x400862fc      0x1d0 C:/msys32/home/Ganesh/esp/hello_world/build/freertos\libfreertos.a(portasm.o)
                0x400862fc                _frxt_setup_switch
                0x40086314                _frxt_int_enter
                0x4008635c                _frxt_int_exit
                0x400863ac                _frxt_timer_int
                0x400863d4                _frxt_tick_timer_init
                0x400863ec                _frxt_dispatch
                0x40086434                vPortYield
                0x40086480                vPortYieldFromInt
                0x400864a0                _frxt_task_coproc_state
 .text          0x400864cc      0x12b C:/msys32/home/Ganesh/esp/hello_world/build/freertos\libfreertos.a(xtensa_context.o)
                0x400864cc                _xt_context_save
                0x40086534                _xt_context_restore
                0x40086578                _xt_coproc_init
                0x4008658c                _xt_coproc_release
                0x400865b8                _xt_coproc_savecs
                0x400865d8                _xt_coproc_restorecs
 *fill*         0x400865f7        0x1 
 .text.prvGetNextExpireTime
                0x400865f8       0x20 C:/msys32/home/Ganesh/esp/hello_world/build/freertos\libfreertos.a(timers.o)
 .text.prvInsertTimerInActiveList
                0x40086618       0x50 C:/msys32/home/Ganesh/esp/hello_world/build/freertos\libfreertos.a(timers.o)
                                 0x54 (size before relaxing)
 .text.prvCheckForValidListAndQueue
                0x40086668       0x66 C:/msys32/home/Ganesh/esp/hello_world/build/freertos\libfreertos.a(timers.o)
                                 0x7e (size before relaxing)
 *fill*         0x400866ce        0x2 
 .text.xTimerCreateTimerTask
                0x400866d0       0x48 C:/msys32/home/Ganesh/esp/hello_world/build/freertos\libfreertos.a(timers.o)
                                 0x4c (size before relaxing)
                0x400866d0                xTimerCreateTimerTask
 .text.xTimerGenericCommand
                0x40086718       0x55 C:/msys32/home/Ganesh/esp/hello_world/build/freertos\libfreertos.a(timers.o)
                                 0x5d (size before relaxing)
                0x40086718                xTimerGenericCommand
 *fill*         0x4008676d        0x3 
 .text.prvSwitchTimerLists
                0x40086770       0x76 C:/msys32/home/Ganesh/esp/hello_world/build/freertos\libfreertos.a(timers.o)
                                 0x82 (size before relaxing)
 *fill*         0x400867e6        0x2 
 .text.prvSampleTimeNow
                0x400867e8       0x2b C:/msys32/home/Ganesh/esp/hello_world/build/freertos\libfreertos.a(timers.o)
                                 0x2f (size before relaxing)
 *fill*         0x40086813        0x1 
 .text.prvProcessExpiredTimer
                0x40086814       0x53 C:/msys32/home/Ganesh/esp/hello_world/build/freertos\libfreertos.a(timers.o)
                                 0x5f (size before relaxing)
 *fill*         0x40086867        0x1 
 .text.prvProcessTimerOrBlockTask
                0x40086868       0x58 C:/msys32/home/Ganesh/esp/hello_world/build/freertos\libfreertos.a(timers.o)
                                 0x6c (size before relaxing)
 .text.prvProcessReceivedCommands
                0x400868c0       0xd6 C:/msys32/home/Ganesh/esp/hello_world/build/freertos\libfreertos.a(timers.o)
                                 0xe6 (size before relaxing)
 *fill*         0x40086996        0x2 
 .text.prvTimerTask
                0x40086998       0x15 C:/msys32/home/Ganesh/esp/hello_world/build/freertos\libfreertos.a(timers.o)
                                 0x1d (size before relaxing)
 *fill*         0x400869ad        0x0 
 *fill*         0x400869ad        0x0 
 *fill*         0x400869ad        0x0 
 *fill*         0x400869ad        0x0 
 *fill*         0x400869ad        0x0 
 *fill*         0x400869ad        0x0 
 *fill*         0x400869ad        0x0 
 *fill*         0x400869ad        0x0 
 *fill*         0x400869ad        0x0 
 *fill*         0x400869ad        0x0 
 *fill*         0x400869ad        0x0 
 *fill*         0x400869ad        0x0 
 *fill*         0x400869ad        0x0 
 *fill*         0x400869ad        0x0 
 *fill*         0x400869ad        0x0 
 *fill*         0x400869ad        0x0 
 *fill*         0x400869ad        0x0 
 *fill*         0x400869ad        0x0 
 *fill*         0x400869ad        0x0 
 *fill*         0x400869ad        0x0 
 *fill*         0x400869ad        0x0 
 *fill*         0x400869ad        0x0 
 *fill*         0x400869ad        0x0 
 *fill*         0x400869ad        0x0 
 *fill*         0x400869ad        0x0 
 *fill*         0x400869ad        0x0 
 *fill*         0x400869ad        0x0 
 *fill*         0x400869ad        0x0 
 *fill*         0x400869ad        0x0 
 *fill*         0x400869ad        0x0 
 *fill*         0x400869ad        0x0 
 *fill*         0x400869ad        0x0 
 *fill*         0x400869ad        0x0 
 *fill*         0x400869ad        0x0 
 *fill*         0x400869ad        0x0 
 *fill*         0x400869ad        0x0 
 *fill*         0x400869ad        0x3 
 .text.vPortStoreTaskMPUSettings
                0x400869b0       0x13 C:/msys32/home/Ganesh/esp/hello_world/build/freertos\libfreertos.a(port.o)
                0x400869b0                vPortStoreTaskMPUSettings
 *fill*         0x400869c3        0x0 
 *fill*         0x400869c3        0x0 
 *fill*         0x400869c3        0x0 
 *fill*         0x400869c3        0x0 
 *fill*         0x400869c3        0x1 
 .text.vListInitialise
                0x400869c4       0x15 C:/msys32/home/Ganesh/esp/hello_world/build/freertos\libfreertos.a(list.o)
                0x400869c4                vListInitialise
 *fill*         0x400869d9        0x3 
 .text.vListInitialiseItem
                0x400869dc        0x9 C:/msys32/home/Ganesh/esp/hello_world/build/freertos\libfreertos.a(list.o)
                0x400869dc                vListInitialiseItem
 *fill*         0x400869e5        0x3 
 .text.vListInsertEnd
                0x400869e8       0x1b C:/msys32/home/Ganesh/esp/hello_world/build/freertos\libfreertos.a(list.o)
                0x400869e8                vListInsertEnd
 *fill*         0x40086a03        0x1 
 .text.vListInsert
                0x40086a04       0x2f C:/msys32/home/Ganesh/esp/hello_world/build/freertos\libfreertos.a(list.o)
                0x40086a04                vListInsert
 *fill*         0x40086a33        0x1 
 .text.uxListRemove
                0x40086a34       0x26 C:/msys32/home/Ganesh/esp/hello_world/build/freertos\libfreertos.a(list.o)
                0x40086a34                uxListRemove
 *fill*         0x40086a5a        0x2 
 .text.prvIsQueueEmpty
                0x40086a5c       0x12 C:/msys32/home/Ganesh/esp/hello_world/build/freertos\libfreertos.a(queue.o)
 *fill*         0x40086a6e        0x0 
 *fill*         0x40086a6e        0x0 
 *fill*         0x40086a6e        0x0 
 *fill*         0x40086a6e        0x0 
 *fill*         0x40086a6e        0x0 
 *fill*         0x40086a6e        0x0 
 *fill*         0x40086a6e        0x0 
 *fill*         0x40086a6e        0x0 
 *fill*         0x40086a6e        0x0 
 *fill*         0x40086a6e        0x0 
 *fill*         0x40086a6e        0x0 
 *fill*         0x40086a6e        0x0 
 *fill*         0x40086a6e        0x0 
 *fill*         0x40086a6e        0x0 
 *fill*         0x40086a6e        0x0 
 *fill*         0x40086a6e        0x0 
 *fill*         0x40086a6e        0x0 
 *fill*         0x40086a6e        0x0 
 *fill*         0x40086a6e        0x2 
 .text          0x40086a70       0x33 C:/msys32/home/Ganesh/esp/hello_world/build/freertos\libfreertos.a(xtensa_intr_asm.o)
                0x40086a70                xt_ints_on
                0x40086a88                xt_ints_off
 *fill*         0x40086aa3        0x0 
 *fill*         0x40086aa3        0x0 
 *fill*         0x40086aa3        0x0 
 *fill*         0x40086aa3        0x0 
 *fill*         0x40086aa3        0x0 
 *fill*         0x40086aa3        0x0 
 *fill*         0x40086aa3        0x0 
 *libheap.a:multi_heap.*(.literal .text .literal.* .text.*)
 *fill*         0x40086aa3        0x1 
 .text.get_prev_free_block
                0x40086aa4       0x68 C:/msys32/home/Ganesh/esp/hello_world/build/heap\libheap.a(multi_heap.o)
                                 0x77 (size before relaxing)
 *fill*         0x40086b0c        0x0 
 .text.split_if_necessary
                0x40086b0c      0x138 C:/msys32/home/Ganesh/esp/hello_world/build/heap\libheap.a(multi_heap.o)
                                0x148 (size before relaxing)
 .text.assert_valid_block
                0x40086c44       0xb0 C:/msys32/home/Ganesh/esp/hello_world/build/heap\libheap.a(multi_heap.o)
                                 0xb4 (size before relaxing)
 .text.merge_adjacent
                0x40086cf4      0x12c C:/msys32/home/Ganesh/esp/hello_world/build/heap\libheap.a(multi_heap.o)
                                0x140 (size before relaxing)
 .text.multi_heap_get_allocated_size_impl
                0x40086e20       0x38 C:/msys32/home/Ganesh/esp/hello_world/build/heap\libheap.a(multi_heap.o)
                                 0x3c (size before relaxing)
                0x40086e20                multi_heap_get_allocated_size_impl
                0x40086e20                multi_heap_get_allocated_size
 .text.multi_heap_malloc_impl